=== Platt 概率校准 === 样本 3424 场 | home=[1.561, 0.1701] draw=[1.1498, 0.3479] away=[1.6028, 0.1687]
=== 二级盘校准 V3.3 === 拟合月份 2026-09 | 窗口 6 月 | 样本 4162 场
  让球盘 logit(P)=a+b1·logit(p_mkt)+b2·logit(p_mod)  a=+0.052 b1=+0.788 b2=+0.274  (拟合 b2=+0.281 t=+11.0, n=11412)
  冷门风险 P(首选翻车) 基础率 48.1%  β=[-0.138, -2.123, -1.423, -0.335, -0.152, 1.915]  n=3941
=== 联赛进球环境画像 ===
来源 results_history/*.json | 4479 场 | 41 个联赛 | 全局基线 2.8417
收缩权重 w=0.25 (向联赛基线收缩，非相乘——相乘会重复修正，实测恶化)
=== 动态校准 ===
偏差比 0.949 (预测均值3.07 vs 实际均值3.12) → λ×1.032  [偏差在容忍区间]
  2026-09-13  预测3.23  实际2.96  (24场)
  2026-09-12  预测2.93  实际3.4  (30场)
  2026-09-11  预测3.04  实际3.67  (12场)
  2026-09-10  预测3.55  实际3.71  (7场)
  2026-09-09  预测3.11  实际3.27  (15场)
  2026-09-08  预测2.97  实际3.17  (12场)
  2026-09-07  预测2.67  实际1.67  (9场)
  EWMA 轨迹: 09-08:0.937 → 09-09:0.94 → 09-10:0.945 → 09-11:0.916 → 09-12:0.902 → 09-13:0.949
  MAD 剔除异常期: [{'date': '2026-09-07', 'ratio': 1.599}]
联赛因子: {'日职': 1.032, '日乙': 1.032, '法甲': 0.954, '瑞超': 1.032, '荷甲': 1.012, '德甲': 1.074, '西甲': 1.005, '芬超': 1.032, '巴甲': 1.032, '英超': 0.944, '葡超': 1.012, '挪超': 1.032, '美职': 1.032, '意甲': 1.042, '韩职': 1.032, '沙职': 1.077, '德乙': 1.032, '英冠': 1.032, '荷乙': 1.032, '解放者杯': 1.032, '欧冠': 1.112, '英联赛杯': 1.032}

=== BRIER_OPT === 上次 2026-09-14（0 天前 < 7 天），跳过

=== KALMAN_STRENGTH (V3.4 已接线) ===
  重放 4723 场（2025-12-31 ~ 2026-09-13） | 覆盖球队 597
  样本达标(≥5场)球队: 312/597 | 开关 apply=False
  主队进攻偏置 Top5: [('奥克兰FC', 1.25), ('里斯本', 1.25), ('切尔西', 1.25), ('勒芒', 1.25), ('圣埃蒂安', 1.25)]
  主队防守偏置 Top5（失球多于期望）: [('奈季沟渠', 1.25), ('水晶宫', 1.25), ('莱切斯特', 1.25), ('切尔西', 1.25), ('斯托克城', 1.25)]

=== HEDGE_ENSEMBLE (V3.4 已接线) ===
  近 500 场对数损失: 模型 1.0964 | 市场 0.9948 | 混合 1.0004
  HEDGE 权重(η=6.0): 模型 0.352 / 市场 0.648 → 当日市场权重 0.700（安全带 0.7~0.9，固定值 0.8）
  开关 apply=False（只记录，不改预测）

=== V3 校准路线图（ON·生效/ON·观察 = 已接线；ON = 链路内恒定步骤）===
  [x] EWMA_MAD        ON        EWMA(a=0.25)+MAD去极值求全局偏差比，替代三档跳变系数
  [x] LEAGUE_SHRINK   ON        按联赛分层+经验贝叶斯收缩，样本不足时向全局因子收缩
  [x] LEAGUE_PRIOR_SHRINK ON        联赛先验收缩 λ*(1-w)+联赛基线*w（w=0.25）。实测MAE 1.28
  [x] VENUE_SPLIT_LAMBDA ON        基础λ观测改用分主客口径（主队作为主队的进球/客队作为客队的失球），不再乘 HO
  [ ] VENUE_H2H       REJECTED  ❌ 2026-09-10 验证不可行：同一主客方向的交手记录 ≥3 场占比 0.
  [x] H2H_LEAGUE_NORM ON        H2H分档阈值按联赛基线归一(1.41/1.06/0.88/0.71×)，解决德
  [x] LEAGUE_DIST_SHAPE ON        联赛经验比分频率混合(第七步B, w=0.5, K=50收缩)：walk-for
  [x] PLATT_ISOTONIC  ON        胜平负 Platt 校准已启用(V3.1)：Brier -0.37%、平局偏差-
  [ ] DIXON_COLES_TAU REJECTED  ❌ 2026-09-06 验证不通过：全局ρ网格搜索最优-0.12，Brier仅
  [x] MARKET_BLEND_PROB ON        市场概率混合已启用(V3.2)：模型1X2 与 市场去水1X2 按 0.8 加权
  [ ] MARKET_SCORE_DIST REJECTED  ❌ 2026-09-10 验证否决：比分盘去水分布并入网格可再降 1X2 Bri
  [x] MARKET_HANDICAP ON        让球盘联合校准已启用(V3.3)：logit(P)=a+b1·logit(p_m
  [x] UPSET_ROUTE     ON        冷门风险已启用(V3.3)：P(市场首选翻车) logistic，特征=市场首选
  [x] BIG_GOALS       ON        大比分(总进球6+/7+)观察模块启用(2026-09-10)：市场总进球盘去水
  [x] SCORE_ALIGN     ON        比分矩阵对齐发布的 1X2 已启用(V3.3)：把矩阵三象限质量缩放到 Plat
  [ ] REST_DAYS       REJECTED  ❌ 2026-09-10 验证否决：休息天数对净胜球看似有 −0.6 球效应（多
  [x] BRIER_OPT       ON·生效     周期寻优 MARKET_W/DECAY/LEAGUE_SHRINK_W（walk
  [x] HEDGE_ENSEMBLE  ON·观察     专家 HEDGE（模型/市场/混合）近期对数损失 w∝exp(-ηL) → 当日
  [x] KALMAN_STRENGTH ON·观察     按「相对自身状态期望 λ 的偏置」在线更新 4 维攻防强度（主/客×攻/守），主
  [x] CLV_TRACK       ON·生效     每日跟踪推荐赔率 vs 收盘赔率（results_history 里的最终赔率）
  [x] DRIFT_MONITOR   ON·生效     每日 PSI/KS 监控进球/主客比/联赛基线分布，基准 drift_basel

=== 逐场计算 ===
周一002 国际图vs瓦萨         λ1.84/1.14 总分2.99 | 1:1(12.9%) 4★ | H2H2场 f=1.0 B✗ | 让球-1 让球负 EV1.06(低) | 冷门52%(中) | 大比分6+ 市场5.3%→校准3.7%(低) EV7+0.48
周一003 科莫vs帕尔马        λ2.26/0.52 总分2.78 | 2:0(17.2%) 5★ | H2H0场 f=1.0 B✗ | 让球-2 让球负 EV1.00(中) | 冷门19%(低) | 大比分6+ 市场10.1%→校准7.0%(低) EV7+0.52
周一004 都灵vs罗马         λ1.03/2.17 总分3.20 | 0:2(10.5%) 4★ | H2H2场 f=1.0 B✗ | 让球+1 让球胜 EV0.92(高) | 冷门38%(低) | 大比分6+ 市场7.7%→校准5.3%(低) EV7+0.51
周一005 佐加顿斯vs盖斯         λ1.94/0.90 总分2.84 | 2:0(12.5%) 4★ | H2H0场 f=1.0 B✗ | 让球-1 让球负 EV1.02(中) | 冷门42%(中) | 大比分6+ 市场10.1%→校准7.0%(低) EV7+0.52
周一006 博德闪耀vs桑纳菲        λ2.60/0.56 总分3.15 | 2:0(15.5%) 4★ | H2H1场 f=1.0 B✗ | 让球-2 让球负 EV1.06(中) | 冷门15%(低) | 大比分6+ 市场22.8%→校准16.4%(中) EV7+0.58
周一007 吉达国民vs棉农         λ1.60/0.00 总分1.60 | 1:0(32.4%) 5★ | H2H0场 f=1.0 B✗ | 让球-2 让球负 EV1.15(低) | 冷门23%(低) | 大比分6+ 市场16.4%→校准11.6%(中) EV7+0.55
周一008 国际米兰vs乌迪内斯       λ2.32/0.65 总分2.97 | 2:0(14.8%) 5★ | H2H1场 f=1.0 B✗ | 让球-2 让球负 EV1.08(低) | 冷门21%(低) | 大比分6+ 市场11.9%→校准8.3%(低) EV7+0.53
周一009 圣旺红星vs梅斯         λ1.30/1.07 总分2.38 | 0:0(14.5%) 1★ | H2H0场 f=1.0 B✗ | 让球-1 让球胜 EV0.92(高) | 冷门58%(高) | 大比分6+ 市场4.2%→校准2.9%(低) EV7+0.47
周一010 利兹联vs纽卡斯尔       λ1.51/1.37 总分2.88 | 1:1(14.5%) 1★ | H2H1场 f=1.0 B✗ | 让球-1 让球负 EV0.94(高) | 冷门59%(高) | 大比分6+ 市场8.5%→校准5.9%(低) EV7+0.51
周一011 比利亚雷vs贝蒂斯        λ1.61/1.39 总分3.00 | 1:1(14.5%) 1★ | H2H1场 f=1.0 B✗ | 让球-1 让球负 EV1.00(中) | 冷门59%(高) | 大比分6+ 市场10.7%→校准7.4%(低) EV7+0.52
周一012 布拉迪斯vs埃斯托里       λ2.02/0.83 总分2.85 | 1:0(13.1%) 5★ | H2H1场 f=1.0 B✗ | 让球-1 让球负 EV1.02(中) | 冷门37%(低) | 大比分6+ 市场9.2%→校准6.3%(低) EV7+0.51
周一014 中国女vs中国港女       λ2.89/0.00 总分2.89 | 2:0(24.1%) 5★ | H2H0场 f=1.0 B✗ | 让球-4 让球负 EV1.20(低) | 冷门3%(低) | 大比分6+ 市场48.6%→校准38.1%(高) EV7+0.68

共 12 场，已写入 _calc_result.json
预测快照已写入 C:\Users\Jin\jinbet\predictions\2026-09-14\pred_snapshot.json（后续校准直接读取，不再解析 HTML）

=== CLV_TRACK === 2026-09-13 无匹配收盘赔率，跳过

=== DRIFT_MONITOR (V3.4) — 基准 2026-09-14T16:46:37.940980 ===
  global_goals         PSI=0.0000 KS=0.0000  ✅ 稳定
  home_away_ratio      PSI=0.0000 KS=0.0000  ✅ 稳定
  league_baselines     均值变化率=0.0% 标准差=0.0%  ✅ 稳定
    ↑ 世界杯: 0.0%
    ↑ 世预赛: 0.0%
    ↑ 亚冠乙: 0.0%

  ✅ 全部稳定 (PSI < 0.10)
模块状态已写入 v34_state.json（BRIER_OPT/HEDGE/KALMAN/CLV/DRIFT）
