============================================================
  从彩票网站获取赔率数据
============================================================

当前赛程包含 13 个日期

[1/3] 尝试从网易体育获取赔率数据...
  ✅ 网易体育获取成功

[2/3] 解析网易赔率数据...
  ✅ 解析完成，共 12 场比赛赔率

📊 本次数据源: 网易体育
    2026-09-14_国际图_瓦萨: 胜=1.54, 平=3.52, 负=5.1
    2026-09-14_科莫_帕尔马: 胜=1.12, 平=6.1, 负=14
    2026-09-14_都灵_罗马: 胜=5.66, 平=4.1, 负=1.41
    2026-09-14_佐加顿斯_盖斯: 胜=1.37, 平=4.4, 负=5.8
    2026-09-14_博德闪耀_桑纳菲: 胜=, 平=, 负=
    2026-09-14_吉达国民_棉农: 胜=, 平=, 负=
    2026-09-14_国际米兰_乌迪内斯: 胜=1.12, 平=6.55, 负=12
    2026-09-14_圣旺红星_梅斯: 胜=2.26, 平=2.95, 负=2.87
    2026-09-14_利兹联_纽卡斯尔: 胜=2.13, 平=3.2, 负=2.88
    2026-09-14_比利亚雷_贝蒂斯: 胜=1.91, 平=3.6, 负=3.05
    2026-09-14_布拉迪斯_埃斯托里: 胜=1.3, 平=4.45, 负=7.4
    2026-09-14_中国女_中国港女: 胜=, 平=, 负=

[补充] 从体彩赛果API获取完整比赛编号信息...
  获取日期范围: 2026-09-01 至 2026-09-16
  赛果API返回 220 场比赛的编号信息
     [编号纠正] 2026-09-14_中国女_中国港女: 周一001 → 周一014（在售编号覆盖赛果API滞后值）
  赔率API补充 11 场即将进行比赛的编号
  赔率API纠正 1 场滞后编号
  合并后共 231 场比赛的编号信息
  id_map 示例 key: ['2026-09-14_中国港女_中国女', '2026-09-14_中国女_中国港女', '2026-09-13_芝加哥_新英格兰']
  odds_data 示例 key: ['2026-09-14_国际图_瓦萨', '2026-09-14_科莫_帕尔马', '2026-09-14_都灵_罗马']
  ✅ 已补充 10 场赔率、12 场赛程的编号信息

[2.5/3] 合并赛程与赔率数据...
    原有赛程: 13 个日期
    新增赛程: 1 个日期
    已标准化所有队名 (canonical_team_name 全局统一)
    合并后赛程: 13 个日期
    原有赔率: 2953 条
    合并后赔率（canonical 归一化）: 2953 条
    合并后赔率（已过滤错日期）: 2953 条
    补全 league 字段: 6 条
    📁 归档: 2026-09-02.json (20场, 13条赔率)
    📁 归档: 2026-09-03.json (8场, 7条赔率)
    📁 归档: 2026-09-04.json (14场, 14条赔率)
    📁 归档: 2026-09-05.json (29场, 29条赔率)
    📁 归档: 2026-09-06.json (24场, 24条赔率)
    📋 归档索引已更新（67 个日期）
    清理旧赛程: 5 个日期（2026-09-07 之前）
    旧赔率归档(保留全量): 2832 条（2026-09-07 之前,已复制到 odds_history/）
    2026-09-07 卡利亚里 vs 莱切
    2026-09-07 赫塔费 vs 塞尔塔
    2026-09-07 马尔默 vs 索尔纳
    2026-09-07 卡尔马 vs 佐加顿斯
    2026-09-07 利雅新月 vs 新未来SC
    2026-09-07 乌迪内斯 vs 拉齐奥
    2026-09-07 埃斯托里 vs 阿罗卡
    2026-09-07 埃尔切 vs 皇家社会
    2026-09-07 维多利亚 vs 格雷米奥
    2026-09-08 蔚山现代 vs 首尔FC
    2026-09-08 雅典AEK vs LASK林茨
    2026-09-08 布鲁日 vs 维拉
    2026-09-08 奈梅亨 vs SBV精英
    2026-09-08 胡巴卡德 vs 吉达国民
    2026-09-08 南安普敦 vs 斯旺西
    2026-09-08 桑德兰 vs 赫尔城
    2026-09-08 皇马 vs 国际米兰
    2026-09-08 多特蒙德 vs 比利亚雷
    2026-09-08 里尔 vs 贝蒂斯
    2026-09-08 波尔图 vs 曼城
    2026-09-08 弗鲁米嫩 vs 普拉滕斯
    2026-09-09 江原FC vs 全北现代
    2026-09-09 拉斯永恒 vs 利雅青年
    2026-09-09 巴萨 vs 费耶诺德
    2026-09-09 斯图加特 vs 维京
    2026-09-09 特温特 vs 斯达
    2026-09-09 里斯本 vs 加拉塔萨
    2026-09-09 那不勒斯 vs 阿森纳
    2026-09-09 利物浦 vs 马竞
    2026-09-09 巴黎圣曼 vs 布拉迪斯
    2026-09-09 查尔顿 vs 女王巡游
    2026-09-09 切尔西 vs 利兹联
    2026-09-09 摩雷伦斯 vs 本菲卡
    2026-09-09 帕梅拉斯 vs 基多体大
    2026-09-09 拉普大学 vs 科林蒂安
    2026-09-09 芝加哥 vs 迈国际
    2026-09-10 费内巴切 vs 罗马
    2026-09-10 科莫 vs 莱红牛
    2026-09-10 拜仁 vs 博德闪耀
    2026-09-10 斯拉维亚 vs 朗斯
    2026-09-10 曼联 vs 萨巴赫
    2026-09-10 阿马多拉 vs 布拉迪斯
    2026-09-10 德尔瓦耶独立 vs 弗拉门戈
    2026-09-11 京都 vs 柏太阳神
    2026-09-11 哈马费萨 vs 吉达联合
    2026-09-11 纽伦堡 vs 汉诺威96
    2026-09-11 赫根 vs 米亚尔比
    2026-09-11 阿尔克马 vs 威廉二世
    2026-09-11 马斯特里 vs 阿尔梅勒
    2026-09-11 柏林联合 vs 沙尔克04
    2026-09-11 威尼斯 vs 佛罗伦萨
    2026-09-11 雷恩 vs 马赛
    2026-09-11 西汉姆联 vs 雷克斯
    2026-09-11 塞维利亚 vs 巴伦西亚
    2026-09-11 科里蒂巴 vs 巴竞技
    2026-09-12 蔚山现代 vs 仁川联
    2026-09-12 全北现代 vs 首尔FC
    2026-09-12 广岛三箭 vs 大阪樱花
    2026-09-12 大阪钢巴 vs 东京FC
    2026-09-12 桑坦德 vs 阿拉维斯
    2026-09-12 热那亚 vs 弗洛西诺
    2026-09-12 弗赖堡 vs 门兴
    2026-09-12 美因茨 vs 法兰克福
    2026-09-12 多特蒙德 vs 帕德博恩
    2026-09-12 奥格斯堡 vs 勒沃库森
    2026-09-12 霍芬海姆 vs 斯图加特
    2026-09-12 切尔西 vs 赫尔城
    2026-09-12 伯恩茅斯 vs 布伦特
    2026-09-12 维拉 vs 诺丁汉
    2026-09-12 水晶宫 vs 伊普斯
    2026-09-12 利物浦 vs 富勒姆
    2026-09-12 奥萨苏纳 vs 西班牙人
    2026-09-12 斯特拉斯 vs 摩纳哥
    2026-09-12 布赖合作 vs 利雅新月
    2026-09-12 拉齐奥 vs AC米兰
    2026-09-12 罗森博格 vs 特罗姆瑟
    2026-09-12 热刺 vs 埃弗顿
    2026-09-12 科隆 vs 不来梅
    2026-09-12 毕尔巴鄂 vs 埃尔切
    2026-09-12 卡萨皮亚 vs 波尔图
    2026-09-12 福图纳 vs 阿贾克斯
    2026-09-12 亚特兰大 vs 卡利亚里
    2026-09-12 巴黎FC vs 里昂
    2026-09-12 桑德兰 vs 阿森纳
    2026-09-12 皇马 vs 巴列卡诺
    2026-09-13 东京绿茵 vs 千叶市原
    2026-09-13 仙台七夕 vs 札幌冈萨
    2026-09-13 塞尔塔 vs 马拉加
    2026-09-13 哈马比 vs 布鲁马波
    2026-09-13 库奥皮奥 vs 赫尔辛基
    2026-09-13 海伦芬 vs 斯达
    2026-09-13 莱切 vs 蒙扎
    2026-09-13 里尔 vs 特鲁瓦
    2026-09-13 莱红牛 vs 汉堡
    2026-09-13 莱万特 vs 巴萨
    2026-09-13 汉坎 vs 莫尔德
    2026-09-13 勒芒 vs 朗斯
    2026-09-13 曼联 vs 曼城
    2026-09-13 埃沃斯堡 vs 拜仁
    2026-09-13 那不勒斯 vs 博洛尼亚
    2026-09-13 赫塔费 vs 拉科
    2026-09-13 本菲卡 vs 吉维森特
    2026-09-13 埃因霍温 vs 鹿斯巴达
    2026-09-13 萨索洛 vs 尤文图斯
    2026-09-13 布雷斯特 vs 巴黎圣曼
    2026-09-13 皇家社会 vs 马竞
    2026-09-13 法马利康 vs 里斯本
    2026-09-13 弗拉门戈 vs 科林蒂安
    2026-09-13 芝加哥 vs 新英格兰
    2026-09-14 中国女 vs 中国港女
    2026-09-14 国际图 vs 瓦萨
    2026-09-14 科莫 vs 帕尔马
    2026-09-14 都灵 vs 罗马
    2026-09-14 佐加顿斯 vs 盖斯
    2026-09-14 博德闪耀 vs 桑纳菲
    2026-09-14 吉达国民 vs 棉农
    2026-09-14 国际米兰 vs 乌迪内斯
    2026-09-14 圣旺红星 vs 梅斯
    2026-09-14 利兹联 vs 纽卡斯尔
    2026-09-14 比利亚雷 vs 贝蒂斯
    2026-09-14 布拉迪斯 vs 埃斯托里
  ✅ 赛程合并完成

[补充] 为所有赔率补充编号信息...
  ✅ 为 0 场赔率补充了编号信息

[补充] 为所有赛程补充编号信息...

[编号刷新] 1 场（官方重编号后覆盖，含 ODDS 与 SCHEDULE）：
    - 2026-09-14 中国女 vs 中国港女: 周一001 → 周一014
  ✅ 为 0 场赛程补充了编号信息

[补充] 从赛果API补充缺失的赛程条目...
  ✅ 新增 109 场比赛到赛程
     去重: matchId=7, 队名=113, 子串=2

[最终去重] 未发现重复比赛
  2026-09-07 卡利亚里 vs 莱切: ✅
  2026-09-07 赫塔费 vs 塞尔塔: ✅
  2026-09-07 马尔默 vs 索尔纳: ✅
  2026-09-07 卡尔马 vs 佐加顿斯: ✅
  2026-09-07 利雅新月 vs 新未来SC: ✅
  2026-09-07 乌迪内斯 vs 拉齐奥: ✅
  2026-09-07 埃斯托里 vs 阿罗卡: ✅
  2026-09-07 埃尔切 vs 皇家社会: ✅
  2026-09-07 维多利亚 vs 格雷米奥: ✅
  2026-09-08 蔚山现代 vs 首尔FC: ✅
  2026-09-08 雅典AEK vs LASK林茨: ✅
  2026-09-08 布鲁日 vs 维拉: ✅
  2026-09-08 奈梅亨 vs SBV精英: ✅
  2026-09-08 胡巴卡德 vs 吉达国民: ✅
  2026-09-08 南安普敦 vs 斯旺西: ✅
  2026-09-08 桑德兰 vs 赫尔城: ✅
  2026-09-08 皇马 vs 国际米兰: ✅
  2026-09-08 多特蒙德 vs 比利亚雷: ✅
  2026-09-08 里尔 vs 贝蒂斯: ✅
  2026-09-08 波尔图 vs 曼城: ✅
  2026-09-08 弗鲁米嫩 vs 普拉滕斯: ✅
  2026-09-09 江原FC vs 全北现代: ✅
  2026-09-09 拉斯永恒 vs 利雅青年: ✅
  2026-09-09 巴萨 vs 费耶诺德: ⬜
  2026-09-09 斯图加特 vs 维京: ⬜
  2026-09-09 特温特 vs 斯达: ⬜
  2026-09-09 里斯本 vs 加拉塔萨: ✅
  2026-09-09 那不勒斯 vs 阿森纳: ✅
  2026-09-09 利物浦 vs 马竞: ✅
  2026-09-09 巴黎圣曼 vs 布拉迪斯: ⬜
  2026-09-09 查尔顿 vs 女王巡游: ✅
  2026-09-09 切尔西 vs 利兹联: ✅
  2026-09-09 摩雷伦斯 vs 本菲卡: ⬜
  2026-09-09 帕梅拉斯 vs 基多体大: ✅
  2026-09-09 拉普大学 vs 科林蒂安: ✅
  2026-09-09 芝加哥 vs 迈国际: ✅
  2026-09-10 费内巴切 vs 罗马: ✅
  2026-09-10 科莫 vs 莱红牛: ✅
  2026-09-10 拜仁 vs 博德闪耀: ⬜
  2026-09-10 斯拉维亚 vs 朗斯: ✅
  2026-09-10 曼联 vs 萨巴赫: ⬜
  2026-09-10 阿马多拉 vs 布拉迪斯: ✅
  2026-09-10 德尔瓦耶独立 vs 弗拉门戈: ✅
  2026-09-11 京都 vs 柏太阳神: ✅
  2026-09-11 哈马费萨 vs 吉达联合: ✅
  2026-09-11 纽伦堡 vs 汉诺威96: ✅
  2026-09-11 赫根 vs 米亚尔比: ✅
  2026-09-11 阿尔克马 vs 威廉二世: ⬜
  2026-09-11 马斯特里 vs 阿尔梅勒: ✅
  2026-09-11 柏林联合 vs 沙尔克04: ✅
  2026-09-11 威尼斯 vs 佛罗伦萨: ✅
  2026-09-11 雷恩 vs 马赛: ✅
  2026-09-11 西汉姆联 vs 雷克斯: ✅
  2026-09-11 塞维利亚 vs 巴伦西亚: ✅
  2026-09-11 科里蒂巴 vs 巴竞技: ✅
  2026-09-12 蔚山现代 vs 仁川联: ✅
  2026-09-12 全北现代 vs 首尔FC: ✅
  2026-09-12 广岛三箭 vs 大阪樱花: ✅
  2026-09-12 大阪钢巴 vs 东京FC: ✅
  2026-09-12 桑坦德 vs 阿拉维斯: ✅
  2026-09-12 热那亚 vs 弗洛西诺: ✅
  2026-09-12 弗赖堡 vs 门兴: ✅
  2026-09-12 美因茨 vs 法兰克福: ✅
  2026-09-12 多特蒙德 vs 帕德博恩: ✅
  2026-09-12 奥格斯堡 vs 勒沃库森: ✅
  2026-09-12 霍芬海姆 vs 斯图加特: ✅
  2026-09-12 切尔西 vs 赫尔城: ✅
  2026-09-12 伯恩茅斯 vs 布伦特: ✅
  2026-09-12 维拉 vs 诺丁汉: ✅
  2026-09-12 水晶宫 vs 伊普斯: ✅
  2026-09-12 利物浦 vs 富勒姆: ✅
  2026-09-12 奥萨苏纳 vs 西班牙人: ✅
  2026-09-12 斯特拉斯 vs 摩纳哥: ✅
  2026-09-12 布赖合作 vs 利雅新月: ✅
  2026-09-12 拉齐奥 vs AC米兰: ✅
  2026-09-12 罗森博格 vs 特罗姆瑟: ✅
  2026-09-12 热刺 vs 埃弗顿: ✅
  2026-09-12 科隆 vs 不来梅: ✅
  2026-09-12 毕尔巴鄂 vs 埃尔切: ✅
  2026-09-12 卡萨皮亚 vs 波尔图: ✅
  2026-09-12 福图纳 vs 阿贾克斯: ✅
  2026-09-12 亚特兰大 vs 卡利亚里: ✅
  2026-09-12 巴黎FC vs 里昂: ✅
  2026-09-12 桑德兰 vs 阿森纳: ✅
  2026-09-12 皇马 vs 巴列卡诺: ⬜
  2026-09-13 东京绿茵 vs 千叶市原: ✅
  2026-09-13 仙台七夕 vs 札幌冈萨: ✅
  2026-09-13 塞尔塔 vs 马拉加: ✅
  2026-09-13 哈马比 vs 布鲁马波: ⬜
  2026-09-13 库奥皮奥 vs 赫尔辛基: ✅
  2026-09-13 海伦芬 vs 斯达: ✅
  2026-09-13 莱切 vs 蒙扎: ✅
  2026-09-13 里尔 vs 特鲁瓦: ✅
  2026-09-13 莱红牛 vs 汉堡: ✅
  2026-09-13 莱万特 vs 巴萨: ⬜
  2026-09-13 汉坎 vs 莫尔德: ✅
  2026-09-13 勒芒 vs 朗斯: ✅
  2026-09-13 曼联 vs 曼城: ✅
  2026-09-13 埃沃斯堡 vs 拜仁: ⬜
  2026-09-13 那不勒斯 vs 博洛尼亚: ✅
  2026-09-13 赫塔费 vs 拉科: ✅
  2026-09-13 本菲卡 vs 吉维森特: ⬜
  2026-09-13 埃因霍温 vs 鹿斯巴达: ⬜
  2026-09-13 萨索洛 vs 尤文图斯: ✅
  2026-09-13 布雷斯特 vs 巴黎圣曼: ✅
  2026-09-13 皇家社会 vs 马竞: ✅
  2026-09-13 法马利康 vs 里斯本: ✅
  2026-09-13 弗拉门戈 vs 科林蒂安: ✅
  2026-09-13 芝加哥 vs 新英格兰: ✅
  2026-09-14 中国女 vs 中国港女: ⬜
  2026-09-14 国际图 vs 瓦萨: ✅
  2026-09-14 科莫 vs 帕尔马: ✅
  2026-09-14 都灵 vs 罗马: ✅
  2026-09-14 佐加顿斯 vs 盖斯: ✅
  2026-09-14 博德闪耀 vs 桑纳菲: ⬜
  2026-09-14 吉达国民 vs 棉农: ⬜
  2026-09-14 国际米兰 vs 乌迪内斯: ✅
  2026-09-14 圣旺红星 vs 梅斯: ✅
  2026-09-14 利兹联 vs 纽卡斯尔: ✅
  2026-09-14 比利亚雷 vs 贝蒂斯: ✅
  2026-09-14 布拉迪斯 vs 埃斯托里: ✅
  2026-09-06 博塔弗戈 vs 帕梅拉斯: ⬜
  2026-09-06 西班牙人 vs 塞维利亚: ⬜
  2026-09-06 马赛 vs 巴黎FC: ⬜
  2026-09-06 尤文图斯 vs AC米兰: ⬜
  2026-09-06 马拉加 vs 莱万特: ⬜
  2026-09-06 阿拉维斯 vs 奥萨苏纳: ⬜
  2026-09-06 博洛尼亚 vs 萨索洛: ⬜
  2026-09-06 法兰克福 vs 奥格斯堡: ⬜
  2026-09-06 阿森纳 vs 切尔西: ⬜
  2026-09-06 莫尔德 vs 奥斯KFUM: ⬜
  2026-09-06 圣克拉拉 vs 里莫: ⬜
  2026-09-06 巴伦西亚 vs 巴萨: ⬜
  2026-09-06 汉堡 vs 美因茨: ⬜
  2026-09-06 特鲁瓦 vs 斯特拉斯: ⬜
  2026-09-06 帕尔马 vs 蒙扎: ⬜
  2026-09-06 弗洛西诺 vs 威尼斯: ⬜
  2026-09-06 埃弗顿 vs 曼联: ⬜
  2026-09-06 海伦芬 vs 阿尔克马: ⬜
  2026-09-06 伯明翰 vs 狼队: ⬜
  2026-09-06 东京FC vs 京都: ⬜
  2026-09-06 金泉尚武 vs 光州FC: ⬜
  2026-09-06 安养FC vs 江原FC: ⬜
  2026-09-06 名古屋鲸 vs 町田泽维: ⬜
  2026-09-06 鹿岛鹿角 vs 浦和红钻: ⬜
  2026-09-05 布拉干RB vs 巴伊亚: ⬜
  2026-09-05 比利亚雷 vs 拉科: ⬜
  2026-09-05 勒阿弗尔 vs 布雷斯特: ⬜
  2026-09-05 罗马 vs 亚特兰大: ⬜
  2026-09-05 阿贾克斯 vs 埃因霍温: ⬜
  2026-09-05 吉达联合 vs 利雅胜利: ⬜
  2026-09-05 马里迪莫 vs 本菲卡: ⬜
  2026-09-05 巴列卡诺 vs 桑坦德: ⬜
  2026-09-05 沙尔克04 vs 拜仁: ⬜
  2026-09-05 赫尔城 vs 维拉: ⬜
  2026-09-05 布兰 vs 利勒斯特: ⬜
  2026-09-05 国际米兰 vs 那不勒斯: ⬜
  2026-09-05 朗斯 vs 里昂: ⬜
  2026-09-05 毕尔巴鄂 vs 马竞: ⬜
  2026-09-05 富勒姆 vs 水晶宫: ⬜
  2026-09-05 布伦特 vs 桑德兰: ⬜
  2026-09-05 曼城 vs 考文垂: ⬜
  2026-09-05 诺丁汉 vs 热刺: ⬜
  2026-09-05 勒沃库森 vs 柏林联合: ⬜
  2026-09-05 霍芬海姆 vs 多特蒙德: ⬜
  2026-09-05 帕德博恩 vs 弗赖堡: ⬜
  2026-09-05 不来梅 vs 莱红牛: ⬜
  2026-09-05 门兴 vs 埃沃斯堡: ⬜
  2026-09-05 佛罗伦萨 vs 都灵: ⬜
  2026-09-05 林肯城 vs 南安普敦: ⬜
  2026-09-05 纽卡斯尔 vs 伯恩茅斯: ⬜
  2026-09-05 济州SK vs 蔚山现代: ⬜
  2026-09-05 山形山神 vs 甲府风林: ⬜
  2026-09-05 福冈黄蜂 vs 水户蜀葵: ⬜
  2026-09-04 纽约城 vs 纳什维尔: ⬜
  2026-09-04 波尔图 vs 摩雷伦斯: ⬜
  2026-09-04 巴黎圣曼 vs 摩纳哥: ⬜
  2026-09-04 贝蒂斯 vs 皇马: ⬜
  2026-09-04 伊普斯 vs 利物浦: ⬜
  2026-09-04 热那亚 vs 科莫: ⬜
  2026-09-04 斯图加特 vs 科隆: ⬜
  2026-09-04 埃门 vs 福伦丹: ⬜
  2026-09-04 鹿斯巴达 vs 兹沃勒: ⬜
  2026-09-04 格勒诺布 vs 阿纳西: ⬜
  2026-09-04 利雅青年 vs 利雅新月: ⬜
  2026-09-04 腓特烈 vs 博德闪耀: ⬜
  2026-09-04 里昂 vs 欧塞尔: ⬜
  2026-09-04 汉诺威96 vs 卡斯鲁厄: ⬜
  2026-09-03 格雷米奥 vs 巴西国际: ⬜
  2026-09-03 皇家社会 vs 塞尔塔: ⬜
  2026-09-03 图卢兹 vs 里尔: ⬜
  2026-09-03 迪里耶 vs 胡巴卡德: ⬜
  2026-09-03 米亚尔比 vs 佐加顿斯: ⬜
  2026-09-03 新未来SC vs 赛哈海湾: ⬜
  2026-09-03 迈季宽广 vs 拉斯永恒: ⬜
  2026-09-02 桑托斯 vs 帕梅拉斯: ⬜
  2026-09-02 弗拉门戈 vs 米拉索尔: ⬜
  2026-09-02 伯恩利 vs 米堡: ⬜
  2026-09-02 奥斯纳 vs 拜仁: ⬜
  2026-09-02 女王巡游 vs 加的夫城: ⬜
  2026-09-02 西布罗姆 vs 查尔顿: ⬜
  2026-09-02 米尔沃尔 vs 雷克斯: ⬜
  2026-09-02 乌迪内斯 vs 威尼斯: ⬜
  2026-09-02 萨索洛 vs 弗洛西诺: ⬜
  2026-09-02 町田泽维 vs 川崎前锋: ⬜
  2026-09-02 水户蜀葵 vs 鹿岛鹿角: ⬜
  2026-09-02 大阪樱花 vs 柏太阳神: ⬜
  2026-09-02 八户南源 vs 枥木城: ⬜
  2026-09-01 都灵 vs 蒙扎: ⬜
  2026-09-01 斯托克城 vs 诺维奇: ⬜
  2026-09-01 伯明翰 vs 南安普敦: ⬜
  2026-09-01 谢菲联 vs 博尔顿: ⬜
  2026-09-01 普雷斯顿 vs 布城: ⬜
  2026-09-01 林肯城 vs 布莱克本: ⬜
  2026-09-01 朴次茅斯 vs 德比郡: ⬜
  2026-09-01 西汉姆联 vs 狼队: ⬜
  2026-09-01 斯旺西 vs 沃特福德: ⬜
  2026-09-01 利雅新月 vs 吉达国民: ⬜
  2026-08-31 巴萨 vs 巴列卡诺: ⬜
  2026-08-31 布拉迪斯 vs 吉马良斯: ⬜
  2026-08-31 本菲卡 vs 埃斯托里: ⬜
  2026-08-31 维拉 vs 阿森纳: ⬜
  2026-08-31 第戎 vs 圣埃蒂安: ⬜
  2026-08-31 亚特兰大 vs 博洛尼亚: ⬜
  2026-08-31 奥萨苏纳 vs 赫塔费: ⬜
  2026-08-31 天狼星 vs 马尔默: ⬜
  2026-08-31 佐加顿斯 vs 米亚尔比: ⬜
  2026-08-31 莱切 vs 罗马: ⬜
  2026-08-31 赫尔火花 vs TPS图尔: ⬜
  2026-08-31 国际图 vs 库奥皮奥: ⬜

[ODDS 去重] 未发现空赔率别名行

[4/4] 更新 index.html...
  ✅ index.html 已更新

[5/5] 更新 odds_data.json...
  ✅ odds_data.json 已更新

============================================================
  赔率更新完成！
============================================================
