
============================================================
  获取赛果数据（网易主源 / 体彩备用，回溯 7 天）
============================================================

[1/3] 获取赛果数据（网易主源）...
  🎯 网易API赛果: 累计解析到 121 场唯一比赛 ((jcNum,matchId) 去重，过去7日)
  🎯 网易API赛果: 解析到 109 场已完赛比赛（109 条 key）
    [周一006] 2026-09-07_乌迪内斯_拉齐奥 → 1:2 （意甲） id=5483947
    [周一005] 2026-09-07_利雅新月_新未来SC → 0:2 （沙职） id=5490071
    [周一001] 2026-09-07_卡利亚里_莱切 → 1:0 （意甲） id=5483946
    [周一004] 2026-09-07_卡尔马_佐加顿斯 → 0:1 （瑞超） id=5488865
    [周一008] 2026-09-07_埃尔切_皇家社会 → 2:3 （西甲） id=5483441
    [周一007] 2026-09-07_埃斯托里_阿罗卡 → 0:0 （葡超） id=5489139
    [周一009] 2026-09-07_维多利亚_格雷米奥 → 1:0 （巴甲） id=5489688
    [周一002] 2026-09-07_赫塔费_塞尔塔 → 1:1 （西甲） id=5483440
    [周一003] 2026-09-07_马尔默_索尔纳 → 0:0 （瑞超） id=5488866
    [周二006] 2026-09-08_南安普敦_斯旺西 → 3:1 （英冠） id=5490451
    [周二009] 2026-09-08_多特蒙德_比利亚雷 → 3:2 （欧冠） id=5502147
    [周二004] 2026-09-08_奈梅亨_SBV精英 → 2:2 （荷甲） id=5476336
  ✅ 解析成功: 109 场比赛 (来源: 163)

  [跳过] 网易主源自带编号/联赛，无需体彩编号接口
  原有赛果: 3061 条
  合并后赛果（canonical + matchId 去重）: 3061 条
  归档旧赛果: 2961 条到 results_history/
  ✅ [AUDIT] 全量归档审计通过，无错日期条目

[3/4] 从赛果提取历史赔率并同步到 ODDS...
  原有ODDS: 2993 条
  ✅ 从赛果回填 ODDS：新增 68 条, 更新 2852 条 (canonical归一化 0 条, 共 3061 条)
  [DEDUP] ODDS 反向孪生键清理: 移除 108 条（保留官方方向键）
  ✅ ODDS 内联(index.html) + odds_data.json 已同步

[4/4] 更新 index.html 中的赛果数据...
  ✅ index.html 已更新
  ✅ results_data.json 已更新 (3061 条)

============================================================
  赛果更新完成！共 3061 条
============================================================
