=== Platt 概率校准 === 样本 2010 场 | home=[1.5759, 0.1283] draw=[1.2347, 0.444] away=[1.4512, 0.1421]
=== 二级盘校准 V3.3 === 拟合月份 2026-09 | 窗口 6 月 | 样本 4162 场
  让球盘 logit(P)=a+b1·logit(p_mkt)+b2·logit(p_mod)  a=+0.052 b1=+0.788 b2=+0.274  (拟合 b2=+0.281 t=+11.0, n=11412)
  冷门风险 P(首选翻车) 基础率 48.1%  β=[-0.138, -2.123, -1.423, -0.335, -0.152, 1.915]  n=3941
=== 联赛进球环境画像 ===
来源 results_history/*.json | 3085 场 | 39 个联赛 | 全局基线 2.8538
收缩权重 w=0.25 (向联赛基线收缩，非相乘——相乘会重复修正，实测恶化)
=== 动态校准 ===
偏差比 0.892 (预测均值3.02 vs 实际均值3.43) → λ×1.071  [模型系统性低估]
  2026-09-16  预测2.81  实际2.88  (16场)
  2026-09-15  预测2.6  实际4.14  (14场)
  2026-09-14  预测2.96  实际3.25  (12场)
  2026-09-13  预测3.23  实际2.96  (24场)
  2026-09-12  预测2.93  实际3.4  (30场)
  2026-09-11  预测3.04  实际3.67  (12场)
  2026-09-10  预测3.55  实际3.71  (7场)
  EWMA 轨迹: 09-10:0.957 → 09-11:0.925 → 09-12:0.909 → 09-13:0.955 → 09-14:0.944 → 09-15:0.865 → 09-16:0.892
联赛因子: {'欧罗巴': 0.976, '西甲': 1.054, '英联赛杯': 1.071, '解放者杯': 1.071, '巴甲': 1.071, '亚运男足': 1.071, '亚冠精英': 1.1, '英冠': 1.071, '荷甲': 1.101, '亚运女足': 1.071, '瑞超': 1.071, '英超': 0.995, '挪超': 1.071, '芬超': 1.071, '意甲': 1.115, '法乙': 1.071, '葡超': 1.042, '日职': 1.071, '日乙': 1.071, '法甲': 0.976, '德甲': 1.099, '美职': 1.071, '韩职': 1.071, '沙职': 1.071, '德乙': 1.071, '荷乙': 1.071, '欧冠': 1.101}

=== BRIER_OPT === 上次 2026-09-14（3 天前 < 7 天），跳过

=== KALMAN_STRENGTH (V3.4 已接线) ===
  重放 5975 场（2025-12-31 ~ 2026-09-16） | 覆盖球队 635
  样本达标(≥5场)球队: 351/635 | 开关 apply=True
  主队进攻偏置 Top5: [('威科姆', 1.25), ('女王巡游', 1.25), ('里斯本', 1.25), ('圣埃蒂安', 1.25), ('巴萨', 1.25)]
  主队防守偏置 Top5（失球多于期望）: [('沃特福德', 1.25), ('莱切斯特', 1.25), ('特鲁瓦', 1.25), ('比萨', 1.25), ('通德拉', 1.25)]

=== HEDGE_ENSEMBLE (V3.4 已接线) ===
  近 500 场对数损失: 模型 1.0766 | 市场 0.9766 | 混合 0.9832
  HEDGE 权重(η=6.0): 模型 0.354 / 市场 0.646 → 当日市场权重 0.700（安全带 0.7~0.9，固定值 0.8）
  开关 apply=False（只记录，不改预测）

=== V3 校准路线图（ON·生效/ON·观察 = 已接线；ON = 链路内恒定步骤）===
  [x] EWMA_MAD        ON        EWMA(a=0.25)+MAD去极值求全局偏差比，替代三档跳变系数
  [x] LEAGUE_SHRINK   ON        按联赛分层+经验贝叶斯收缩，样本不足时向全局因子收缩
  [x] LEAGUE_PRIOR_SHRINK ON        联赛先验收缩 λ*(1-w)+联赛基线*w（w=0.25）。实测MAE 1.28
  [x] VENUE_SPLIT_LAMBDA ON        基础λ观测改用分主客口径（主队作为主队的进球/客队作为客队的失球），不再乘 HO
  [ ] VENUE_H2H       REJECTED  ❌ 2026-09-10 验证不可行：同一主客方向的交手记录 ≥3 场占比 0.
  [x] H2H_LEAGUE_NORM ON        H2H分档阈值按联赛基线归一(1.41/1.06/0.88/0.71×)，解决德
  [x] LEAGUE_DIST_SHAPE ON        联赛经验比分频率混合(第七步B, w=0.5, K=50收缩)：walk-for
  [x] PLATT_ISOTONIC  ON        胜平负 Platt 校准已启用(V3.1)：Brier -0.37%、平局偏差-
  [ ] DIXON_COLES_TAU REJECTED  ❌ 2026-09-06 验证不通过：全局ρ网格搜索最优-0.12，Brier仅
  [x] MARKET_BLEND_PROB ON        市场概率混合已启用(V3.2)：模型1X2 与 市场去水1X2 按 0.8 加权
  [ ] MARKET_SCORE_DIST REJECTED  ❌ 2026-09-10 验证否决：比分盘去水分布并入网格可再降 1X2 Bri
  [x] MARKET_HANDICAP ON        让球盘联合校准已启用(V3.3)：logit(P)=a+b1·logit(p_m
  [x] UPSET_ROUTE     ON        冷门风险已启用(V3.3)：P(市场首选翻车) logistic，特征=市场首选
  [x] BIG_GOALS       ON        大比分(总进球6+/7+)观察模块启用(2026-09-10)：市场总进球盘去水
  [x] SCORE_ALIGN     ON        比分矩阵对齐发布的 1X2 已启用(V3.3)：把矩阵三象限质量缩放到 Plat
  [ ] REST_DAYS       REJECTED  ❌ 2026-09-10 验证否决：休息天数对净胜球看似有 −0.6 球效应（多
  [x] BRIER_OPT       ON·生效     周期寻优 MARKET_W/DECAY/LEAGUE_SHRINK_W（walk
  [x] HEDGE_ENSEMBLE  ON·观察     专家 HEDGE（模型/市场/混合）近期对数损失 w∝exp(-ηL) → 当日
  [x] KALMAN_STRENGTH ON·生效     按「相对自身状态期望 λ 的偏置」在线更新 4 维攻防强度（主/客×攻/守），主
  [x] CLV_TRACK       ON·生效     每日跟踪推荐赔率 vs 收盘赔率（results_history 里的最终赔率）
  [x] DRIFT_MONITOR   ON·生效     每日 PSI/KS 监控进球/主客比/联赛基线分布，基准 drift_basel

=== 逐场计算 ===
周四001 乌兹别女vs中国女        λ0.57/2.96 总分3.52 | 0:2(14.1%) 5★ | H2H1场 f=1.0 B✗ | 让球+3 让球胜 EV1.25(低) | 冷门9%(低) | 大比分6+ 市场21.1%→校准15.1%(中) EV7+0.57
周四002 上海申花vs淡宾尼士       λ2.29/0.55 总分2.83 | 2:0(14.4%) 5★ | H2H0场 f=1.0 B✗ | 让球-2 让球胜 EV0.92(中) | 冷门20%(低) | 大比分6+ 市场16.1%→校准11.3%(中) EV7+0.55
周四003 克里特vs霍芬海姆       λ0.64/2.03 总分2.68 | 0:1(14.9%) 5★ | H2H0场 f=1.0 B✗ | 让球+1 让球负 EV0.95(高) | 冷门27%(低) | 大比分6+ 市场11.4%→校准8.0%(低) EV7+0.53
周四004 贝蒂斯vs赫塔费        λ1.61/0.78 总分2.38 | 1:0(15.1%) 4★ | H2H1场 f=1.0 B✗ | 让球-1 让球负 EV1.03(中) | 冷门50%(中) | 大比分6+ 市场5.2%→校准3.6%(低) EV7+0.48
周四005 水晶宫vs波兹南        λ2.67/1.25 总分3.91 | 2:1(9.4%) 5★ | H2H0场 f=1.0 B✗ | 让球-1 让球负 EV1.60(低) | 冷门45%(中) | 大比分6+ 市场10.8%→校准7.5%(低) EV7+0.52
周四006 皇家社会vs伯恩茅斯       λ1.32/1.54 总分2.86 | 1:1(15.0%) 1★ | H2H0场 f=1.0 B✗ | 让球+1 让球负 EV0.96(高) | 冷门52%(高) | 大比分6+ 市场9.0%→校准6.2%(低) EV7+0.51
周四007 尤文图斯vs奈梅亨        λ2.25/0.48 总分2.73 | 2:0(16.1%) 5★ | H2H0场 f=1.0 B✗ | 让球-2 让球负 EV1.15(低) | 冷门21%(低) | 大比分6+ 市场13.5%→校准9.4%(低) EV7+0.54
周四008 贝西克塔vs马赛         λ1.66/1.06 总分2.73 | 1:1(13.6%) 4★ | H2H0场 f=1.0 B✗ | 让球-1 让球负 EV0.94(高) | 冷门51%(中) | 大比分6+ 市场10.6%→校准7.3%(低) EV7+0.52
周四009 利勒斯特vs托林斯        λ1.30/0.34 总分1.64 | 1:0(24.6%) 4★ | H2H0场 f=1.0 B✗ | 让球-1 让球负 EV0.96(中) | 冷门45%(中) | 大比分6+ 市场9.5%→校准6.6%(低) EV7+0.51
周四010 马拉加vs比利亚雷       λ1.05/1.77 总分2.82 | 1:1(14.2%) 2★ | H2H0场 f=1.0 B✗ | 让球+1 让球负 EV1.03(中) | 冷门44%(中) | 大比分6+ 市场10.6%→校准7.3%(低) EV7+0.52
周四011 弗拉门戈vs德尔瓦耶独立     λ2.05/0.51 总分2.56 | 2:0(17.6%) 5★ | H2H1场 f=1.0 B✗ | 让球-1 让球负 EV0.92(高) | 冷门30%(低) | 大比分6+ 市场9.1%→校准6.3%(低) EV7+0.51

共 11 场，已写入 _calc_result.json
预测快照已写入 C:\Users\Jin\jinbet\predictions\2026-09-17\pred_snapshot.json（后续校准直接读取，不再解析 HTML）

=== CLV_TRACK === 2026-09-16 无匹配收盘赔率，跳过

=== DRIFT_MONITOR (V3.4) — 基准 2026-09-14T16:46:37.940980 ===
  global_goals         PSI=0.0001 KS=0.0043  ✅ 稳定
  home_away_ratio      PSI=0.0296 KS=0.0746  ✅ 稳定
  league_baselines     均值变化率=3.61% 标准差=7.19%  ❌ 漂移
    ↑ 德国乙级联赛: 50.0%
    ↑ 韩国职业联赛: 16.67%
    ↑ 荷兰甲级联赛: 15.38%

  ❌ 检测到 1 项漂移 — 建议执行 compute_calibration() 重标定
  ⚠️ 漂移模块命中 ['league_baselines'] → 建议离线重拟合 market_calib / Platt
模块状态已写入 v34_state.json（BRIER_OPT/HEDGE/KALMAN/CLV/DRIFT）
