=== Platt 概率校准 === 样本 2020 场 | home=[1.5799, 0.1285] draw=[1.2141, 0.4176] away=[1.4605, 0.15]
=== 二级盘校准 V3.3 === 拟合月份 2026-09 | 窗口 6 月 | 样本 4162 场
  让球盘 logit(P)=a+b1·logit(p_mkt)+b2·logit(p_mod)  a=+0.052 b1=+0.788 b2=+0.274  (拟合 b2=+0.281 t=+11.0, n=11412)
  冷门风险 P(首选翻车) 基础率 48.1%  β=[-0.138, -2.123, -1.423, -0.335, -0.152, 1.915]  n=3941
=== 联赛进球环境画像 ===
来源 results_history/*.json | 3085 场 | 39 个联赛 | 全局基线 2.8538
收缩权重 w=0.25 (向联赛基线收缩，非相乘——相乘会重复修正，实测恶化)
=== 动态校准 ===
偏差比 0.878 (预测均值2.91 vs 实际均值3.34) → λ×1.081  [模型系统性低估]
  2026-09-17  预测2.79  实际3.09  (11场)
  2026-09-16  预测2.81  实际2.88  (16场)
  2026-09-15  预测2.6  实际4.14  (14场)
  2026-09-14  预测2.96  实际3.25  (12场)
  2026-09-13  预测3.23  实际2.96  (24场)
  2026-09-12  预测2.93  实际3.4  (30场)
  2026-09-11  预测3.04  实际3.67  (12场)
  EWMA 轨迹: 09-11:0.828 → 09-12:0.837 → 09-13:0.9 → 09-14:0.903 → 09-15:0.834 → 09-16:0.87 → 09-17:0.878
联赛因子: {'亚冠乙': 1.081, '亚运女足': 1.081, '欧罗巴': 0.991, '解放者杯': 1.081, '西甲': 1.061, '亚运男足': 1.081, '亚冠精英': 1.113, '巴甲': 1.081, '英联赛杯': 1.081, '英冠': 1.081, '荷甲': 1.108, '瑞超': 1.081, '英超': 1.011, '挪超': 1.081, '芬超': 1.081, '意甲': 1.119, '法乙': 1.081, '葡超': 1.081, '日职': 1.081, '日乙': 1.081, '法甲': 0.982, '德甲': 1.117, '美职': 1.081, '韩职': 1.081, '沙职': 1.081, '德乙': 1.081, '荷乙': 1.081}

=== BRIER_OPT === 上次 2026-09-14（4 天前 < 7 天），跳过

=== KALMAN_STRENGTH (V3.4 已接线) ===
  重放 5986 场（2025-12-31 ~ 2026-09-17） | 覆盖球队 635
  样本达标(≥5场)球队: 351/635 | 开关 apply=True
  主队进攻偏置 Top5: [('威科姆', 1.25), ('女王巡游', 1.25), ('里斯本', 1.25), ('圣埃蒂安', 1.25), ('巴萨', 1.25)]
  主队防守偏置 Top5（失球多于期望）: [('沃特福德', 1.25), ('莱切斯特', 1.25), ('特鲁瓦', 1.25), ('比萨', 1.25), ('通德拉', 1.25)]

=== HEDGE_ENSEMBLE (V3.4 已接线) ===
  近 500 场对数损失: 模型 1.0758 | 市场 0.9709 | 混合 0.9786
  HEDGE 权重(η=6.0): 模型 0.348 / 市场 0.652 → 当日市场权重 0.700（安全带 0.7~0.9，固定值 0.8）
  开关 apply=False（只记录，不改预测）

=== V3 校准路线图（ON·生效/ON·观察 = 已接线；ON = 链路内恒定步骤）===
  [x] EWMA_MAD        ON        EWMA(a=0.25)+MAD去极值求全局偏差比，替代三档跳变系数
  [x] LEAGUE_SHRINK   ON        按联赛分层+经验贝叶斯收缩，样本不足时向全局因子收缩
  [x] LEAGUE_PRIOR_SHRINK ON        联赛先验收缩 λ*(1-w)+联赛基线*w（w=0.25）。实测MAE 1.28
  [x] VENUE_SPLIT_LAMBDA ON        基础λ观测改用分主客口径（主队作为主队的进球/客队作为客队的失球），不再乘 HO
  [ ] VENUE_H2H       REJECTED  ❌ 2026-09-10 验证不可行：同一主客方向的交手记录 ≥3 场占比 0.
  [x] H2H_LEAGUE_NORM ON        H2H分档阈值按联赛基线归一(1.41/1.06/0.88/0.71×)，解决德
  [x] LEAGUE_DIST_SHAPE ON        联赛经验比分频率混合(第七步B, w=0.5, K=50收缩)：walk-for
  [x] PLATT_ISOTONIC  ON        胜平负 Platt 校准已启用(V3.1)：Brier -0.37%、平局偏差-
  [ ] DIXON_COLES_TAU REJECTED  ❌ 2026-09-06 验证不通过：全局ρ网格搜索最优-0.12，Brier仅
  [x] MARKET_BLEND_PROB ON        市场概率混合已启用(V3.2)：模型1X2 与 市场去水1X2 按 0.8 加权
  [ ] MARKET_SCORE_DIST REJECTED  ❌ 2026-09-10 验证否决：比分盘去水分布并入网格可再降 1X2 Bri
  [x] MARKET_HANDICAP ON        让球盘联合校准已启用(V3.3)：logit(P)=a+b1·logit(p_m
  [x] UPSET_ROUTE     ON        冷门风险已启用(V3.3)：P(市场首选翻车) logistic，特征=市场首选
  [x] BIG_GOALS       ON        大比分(总进球6+/7+)观察模块启用(2026-09-10)：市场总进球盘去水
  [x] SCORE_ALIGN     ON        比分矩阵对齐发布的 1X2 已启用(V3.3)：把矩阵三象限质量缩放到 Plat
  [ ] REST_DAYS       REJECTED  ❌ 2026-09-10 验证否决：休息天数对净胜球看似有 −0.6 球效应（多
  [x] BRIER_OPT       ON·生效     周期寻优 MARKET_W/DECAY/LEAGUE_SHRINK_W（walk
  [x] HEDGE_ENSEMBLE  ON·观察     专家 HEDGE（模型/市场/混合）近期对数损失 w∝exp(-ηL) → 当日
  [x] KALMAN_STRENGTH ON·生效     按「相对自身状态期望 λ 的偏置」在线更新 4 维攻防强度（主/客×攻/守），主
  [x] CLV_TRACK       ON·生效     每日跟踪推荐赔率 vs 收盘赔率（results_history 里的最终赔率）
  [x] DRIFT_MONITOR   ON·生效     每日 PSI/KS 监控进球/主客比/联赛基线分布，基准 drift_basel

=== 逐场计算 ===
周五001 沙特阿拉伯vs卡塔尔23      λ1.54/0.59 总分2.13 | 1:0(19.6%) 4★ | H2H0场 f=1.0 B✗ | 让球-1 让球负 EV0.99(中) | 冷门47%(中) | 大比分6+ 市场8.2%→校准5.7%(低) EV7+0.51
周五002 赫尔火花vs赫尔辛基       λ1.34/1.93 总分3.27 | 1:1(12.6%) 2★ | H2H1场 f=1.0 B✗ | 让球+1 让球胜 EV1.04(中) | 冷门55%(高) | 大比分6+ 市场12.4%→校准8.7%(低) EV7+0.53
周五003 沃夫斯堡vs达姆施塔       λ1.90/1.27 总分3.17 | 1:1(13.2%) 1★ | H2H0场 f=1.0 B✗ | 让球-1 让球负 EV1.13(低) | 冷门49%(中) | 大比分6+ 市场15.2%→校准10.7%(中) EV7+0.55
周五004 萨尔普斯堡vs奥斯KFUM     λ1.96/0.87 总分2.83 | 1:0(11.6%) 4★ | H2H0场 f=1.0 B✗ | 让球-1 让球负 EV1.02(中) | 冷门45%(中) | 大比分6+ 市场11.3%→校准7.9%(低) EV7+0.53
周五005 兰斯vs蒙彼利埃       λ1.50/1.03 总分2.53 | 1:1(14.2%) 2★ | H2H1场 f=1.0 B✗ | 让球-1 让球负 EV0.99(中) | 冷门57%(高) | 大比分6+ 市场7.7%→校准5.3%(低) EV7+0.50
周五006 格罗宁根vs兹沃勒        λ2.22/1.16 总分3.38 | 2:1(10.0%) 4★ | H2H1场 f=1.0 B✗ | 让球-1 让球负 EV0.94(高) | 冷门41%(中) | 大比分6+ 市场16.3%→校准11.5%(中) EV7+0.55
周五007 登博思vs海尔蒙特       λ2.02/1.29 总分3.31 | 1:1(11.1%) 4★ | H2H0场 f=1.0 B✗ | 让球-1 让球负 EV0.91(高) | 冷门46%(中) | 大比分6+ 市场18.2%→校准12.9%(中) EV7+0.56
周五008 拜仁vs柏林联合       λ3.20/0.70 总分3.90 | 3:0(11.0%) 5★ | H2H1场 f=1.0 B✗ | 让球-3 让球负 EV1.11(低) | 冷门6%(低) | 大比分6+ 市场38.8%→校准29.4%(高) EV7+0.64
周五009 蒙扎vs萨索洛        λ1.46/1.65 总分3.10 | 1:1(13.8%) 1★ | H2H0场 f=1.0 B✗ | 让球+1 让球胜 EV0.91(高) | 冷门58%(高) | 大比分6+ 市场8.0%→校准5.5%(低) EV7+0.50
周五010 摩纳哥vs朗斯         λ1.90/1.55 总分3.44 | 1:1(11.1%) 1★ | H2H0场 f=1.0 B✗ | 让球-1 让球负 EV1.05(低) | 冷门58%(高) | 大比分6+ 市场11.0%→校准7.7%(低) EV7+0.52
周五011 布伦特vs切尔西        λ1.62/1.59 总分3.20 | 1:1(15.1%) 1★ | H2H1场 f=1.0 B✗ | 让球+1 让球胜 EV0.97(中) | 冷门60%(高) | 大比分6+ 市场13.5%→校准9.4%(低) EV7+0.54
周五012 布城vs沃特福德       λ1.99/1.26 总分3.25 | 1:1(11.7%) 3★ | H2H1场 f=1.0 B✗ | 让球-1 让球负 EV0.92(高) | 冷门48%(中) | 大比分6+ 市场8.7%→校准6.0%(低) EV7+0.51
周五013 西班牙人vs埃尔切        λ1.83/1.10 总分2.93 | 1:1(14.0%) 3★ | H2H1场 f=1.0 B✗ | 让球-1 让球负 EV1.00(中) | 冷门51%(中) | 大比分6+ 市场6.8%→校准4.7%(低) EV7+0.49
周五014 纽约城vs纽约红牛       λ1.43/0.80 总分2.23 | 1:1(15.1%) 3★ | H2H1场 f=1.0 B✗ | 让球-1 让球平 EV0.90(高) | 冷门51%(中) | 大比分6+ 市场12.6%→校准8.8%(低) EV7+0.53

共 14 场，已写入 _calc_result.json
预测快照已写入 C:\Users\Jin\jinbet\predictions\2026-09-18\pred_snapshot.json（后续校准直接读取，不再解析 HTML）

=== CLV_TRACK === 2026-09-17 无匹配收盘赔率，跳过

=== DRIFT_MONITOR (V3.4) — 基准 2026-09-14T16:46:37.940980 ===
  global_goals         PSI=0.0002 KS=0.0053  ✅ 稳定
  home_away_ratio      PSI=0.0291 KS=0.0741  ✅ 稳定
  league_baselines     均值变化率=3.63% 标准差=7.23%  ❌ 漂移
    ↑ 德国乙级联赛: 50.0%
    ↑ 韩国职业联赛: 16.67%
    ↑ 荷兰甲级联赛: 15.38%

  ❌ 检测到 1 项漂移 — 建议执行 compute_calibration() 重标定
  ⚠️ 漂移模块命中 ['league_baselines'] → 建议离线重拟合 market_calib / Platt
模块状态已写入 v34_state.json（BRIER_OPT/HEDGE/KALMAN/CLV/DRIFT）
