============================================================
  从彩票网站获取赔率数据
============================================================

当前赛程包含 9 个日期

[1/3] 尝试从网易体育获取赔率数据...
  ✅ 网易体育获取成功

[2/3] 解析网易赔率数据...
  ✅ 解析完成，共 24 场比赛赔率

📊 本次数据源: 网易体育
    2026-09-17_上海申花_淡宾尼士: 胜=1.23, 平=5.25, 负=7.95
    2026-09-17_克里特_霍芬海姆: 胜=7.45, 平=4.95, 负=1.26
    2026-09-17_贝蒂斯_赫塔费: 胜=1.48, 平=3.53, 负=5.85
    2026-09-17_水晶宫_波兹南: 胜=1.25, 平=5, 负=7.7
    2026-09-17_皇家社会_伯恩茅斯: 胜=2.74, 平=3.42, 负=2.12
    2026-09-17_尤文图斯_奈梅亨: 胜=1.11, 平=6.4, 负=14
    2026-09-17_贝西克塔_马赛: 胜=1.7, 平=3.72, 负=3.68
    2026-09-17_利勒斯特_托林斯: 胜=1.39, 平=4.3, 负=5.65
    2026-09-17_马拉加_比利亚雷: 胜=3.45, 平=3.6, 负=1.78
    2026-09-17_弗拉门戈_德尔瓦耶独立: 胜=1.22, 平=4.95, 负=9.25
    2026-09-18_沙特阿拉伯_卡塔尔23: 胜=1.45, 平=3.85, 负=5.55
    2026-09-18_赫尔火花_赫尔辛基: 胜=3.8, 平=3.8, 负=1.67
    2026-09-18_沃夫斯堡_达姆施塔: 胜=1.5, 平=4.13, 负=4.53
    2026-09-18_萨尔普斯堡_奥斯KFUM: 胜=1.43, 平=4.35, 负=5
    2026-09-18_兰斯_蒙彼利埃: 胜=1.71, 平=3.5, 负=3.9
    2026-09-18_格罗宁根_兹沃勒: 胜=1.44, 平=4.3, 负=4.95
    2026-09-18_登博思_海尔蒙特: 胜=1.62, 平=4.25, 负=3.62
    2026-09-18_拜仁_柏林联合: 胜=, 平=, 负=
    2026-09-18_蒙扎_萨索洛: 胜=2.67, 平=3.22, 负=2.25
    2026-09-18_摩纳哥_朗斯: 胜=1.98, 平=3.5, 负=2.95
    2026-09-18_布伦特_切尔西: 胜=2.65, 平=3.58, 负=2.12
    2026-09-18_布城_沃特福德: 胜=1.74, 平=3.46, 负=3.76
    2026-09-18_西班牙人_埃尔切: 胜=1.65, 平=3.5, 负=4.2
    2026-09-18_纽约城_纽约红牛: 胜=1.72, 平=3.78, 负=3.53

[补充] 从体彩赛果API获取完整比赛编号信息...
  获取日期范围: 2026-09-08 至 2026-09-20
  赛果API返回 153 场比赛的编号信息
  赔率API补充 24 场即将进行比赛的编号
  合并后共 177 场比赛的编号信息
  id_map 示例 key: ['2026-09-17_乌兹别女_中国女', '2026-09-16_科林蒂安_拉普大学', '2026-09-16_博塔弗戈_格雷米奥']
  odds_data 示例 key: ['2026-09-17_上海申花_淡宾尼士', '2026-09-17_克里特_霍芬海姆', '2026-09-17_贝蒂斯_赫塔费']
  ✅ 已补充 15 场赔率、22 场赛程的编号信息

[2.5/3] 合并赛程与赔率数据...
    原有赛程: 9 个日期
    新增赛程: 2 个日期
    已标准化所有队名 (canonical_team_name 全局统一)
    合并后赛程: 10 个日期
    原有赔率: 2995 条
    合并后赔率（canonical 归一化）: 3010 条
    合并后赔率（已过滤错日期）: 3010 条
    补全 league 字段: 21 条
    📁 归档: 2026-09-09.json (15场, 15条赔率)
    📋 归档索引已更新（70 个日期）
    清理旧赛程: 1 个日期（2026-09-10 之前）
    旧赔率归档(保留全量): 2868 条（2026-09-10 之前,已复制到 odds_history/）
    2026-09-10 费内巴切 vs 罗马
    2026-09-10 科莫 vs 莱红牛
    2026-09-10 拜仁 vs 博德闪耀
    2026-09-10 斯拉维亚 vs 朗斯
    2026-09-10 曼联 vs 萨巴赫
    2026-09-10 阿马多拉 vs 布拉迪斯
    2026-09-10 德尔瓦耶独立 vs 弗拉门戈
    2026-09-11 京都 vs 柏太阳神
    2026-09-11 哈马费萨 vs 吉达联合
    2026-09-11 纽伦堡 vs 汉诺威96
    2026-09-11 赫根 vs 米亚尔比
    2026-09-11 阿尔克马 vs 威廉二世
    2026-09-11 马斯特里 vs 阿尔梅勒
    2026-09-11 柏林联合 vs 沙尔克04
    2026-09-11 威尼斯 vs 佛罗伦萨
    2026-09-11 雷恩 vs 马赛
    2026-09-11 西汉姆联 vs 雷克斯
    2026-09-11 塞维利亚 vs 巴伦西亚
    2026-09-11 科里蒂巴 vs 巴竞技
    2026-09-12 蔚山现代 vs 仁川联
    2026-09-12 全北现代 vs 首尔FC
    2026-09-12 广岛三箭 vs 大阪樱花
    2026-09-12 大阪钢巴 vs 东京FC
    2026-09-12 桑坦德 vs 阿拉维斯
    2026-09-12 热那亚 vs 弗洛西诺
    2026-09-12 弗赖堡 vs 门兴
    2026-09-12 美因茨 vs 法兰克福
    2026-09-12 多特蒙德 vs 帕德博恩
    2026-09-12 奥格斯堡 vs 勒沃库森
    2026-09-12 霍芬海姆 vs 斯图加特
    2026-09-12 切尔西 vs 赫尔城
    2026-09-12 伯恩茅斯 vs 布伦特
    2026-09-12 维拉 vs 诺丁汉
    2026-09-12 水晶宫 vs 伊普斯
    2026-09-12 利物浦 vs 富勒姆
    2026-09-12 奥萨苏纳 vs 西班牙人
    2026-09-12 斯特拉斯 vs 摩纳哥
    2026-09-12 布赖合作 vs 利雅新月
    2026-09-12 拉齐奥 vs AC米兰
    2026-09-12 罗森博格 vs 特罗姆瑟
    2026-09-12 热刺 vs 埃弗顿
    2026-09-12 科隆 vs 不来梅
    2026-09-12 毕尔巴鄂 vs 埃尔切
    2026-09-12 卡萨皮亚 vs 波尔图
    2026-09-12 福图纳 vs 阿贾克斯
    2026-09-12 亚特兰大 vs 卡利亚里
    2026-09-12 巴黎FC vs 里昂
    2026-09-12 桑德兰 vs 阿森纳
    2026-09-12 皇马 vs 巴列卡诺
    2026-09-13 东京绿茵 vs 千叶市原
    2026-09-13 仙台七夕 vs 札幌冈萨
    2026-09-13 塞尔塔 vs 马拉加
    2026-09-13 哈马比 vs 布鲁马波
    2026-09-13 库奥皮奥 vs 赫尔辛基
    2026-09-13 海伦芬 vs 斯达
    2026-09-13 莱切 vs 蒙扎
    2026-09-13 里尔 vs 特鲁瓦
    2026-09-13 莱红牛 vs 汉堡
    2026-09-13 莱万特 vs 巴萨
    2026-09-13 汉坎 vs 莫尔德
    2026-09-13 勒芒 vs 朗斯
    2026-09-13 曼联 vs 曼城
    2026-09-13 埃沃斯堡 vs 拜仁
    2026-09-13 那不勒斯 vs 博洛尼亚
    2026-09-13 赫塔费 vs 拉科
    2026-09-13 本菲卡 vs 吉维森特
    2026-09-13 埃因霍温 vs 鹿斯巴达
    2026-09-13 萨索洛 vs 尤文图斯
    2026-09-13 布雷斯特 vs 巴黎圣曼
    2026-09-13 皇家社会 vs 马竞
    2026-09-13 法马利康 vs 里斯本
    2026-09-13 弗拉门戈 vs 科林蒂安
    2026-09-13 芝加哥 vs 新英格兰
    2026-09-14 国际图 vs 瓦萨
    2026-09-14 科莫 vs 帕尔马
    2026-09-14 都灵 vs 罗马
    2026-09-14 佐加顿斯 vs 盖斯
    2026-09-14 博德闪耀 vs 桑纳菲
    2026-09-14 吉达国民 vs 棉农
    2026-09-14 国际米兰 vs 乌迪内斯
    2026-09-14 圣旺红星 vs 梅斯
    2026-09-14 利兹联 vs 纽卡斯尔
    2026-09-14 比利亚雷 vs 贝蒂斯
    2026-09-14 布拉迪斯 vs 埃斯托里
    2026-09-14 中国女 vs 中国港女
    2026-09-15 叻武里 vs 上海海港
    2026-09-15 大田市民 vs 京都
    2026-09-15 卡塔尔23 vs 韩国23
    2026-09-15 柔佛 vs 布里兰
    2026-09-15 北京国安 vs 浦项
    2026-09-15 艾因 vs 利雅胜利
    2026-09-15 巴列卡诺 vs 西班牙人
    2026-09-15 阿拉维斯 vs 巴伦西亚
    2026-09-15 阿贾克斯 vs 威廉二世
    2026-09-15 米堡 vs 米尔沃尔
    2026-09-15 利物浦 vs 热刺
    2026-09-15 伊普斯 vs 阿森纳
    2026-09-15 埃尔切 vs 皇马
    2026-09-15 普拉滕斯 vs 弗鲁米嫩
    2026-09-16 中国亚 vs 朝鲜亚
    2026-09-16 全北现代 vs 柏太阳神
    2026-09-16 日本23 vs 中国港亚
    2026-09-16 奥莫尼亚 vs 塞尔塔
    2026-09-16 拉科 vs 塞维利亚
    2026-09-16 马竞 vs 奥萨苏纳
    2026-09-16 AC米兰 vs 本菲卡
    2026-09-16 勒沃库森 vs 采列
    2026-09-16 桑德兰 vs 阿尔克马
    2026-09-16 格风暴 vs 雷恩
    2026-09-16 安德莱 vs 里昂
    2026-09-16 考文垂 vs 维拉
    2026-09-16 巴萨 vs 桑坦德
    2026-09-16 莱万特 vs 毕尔巴鄂
    2026-09-16 基多体大 vs 帕梅拉斯
    2026-09-16 博塔弗戈 vs 格雷米奥
    2026-09-16 科林蒂安 vs 拉普大学
    2026-09-17 乌兹别女 vs 中国女
    2026-09-17 克里特 vs 霍芬海姆
    2026-09-17 贝蒂斯 vs 赫塔费
    2026-09-17 水晶宫 vs 波兹南
    2026-09-17 皇家社会 vs 伯恩茅斯
    2026-09-17 尤文图斯 vs 奈梅亨
    2026-09-17 贝西克塔 vs 马赛
    2026-09-17 利勒斯特 vs 托林斯
    2026-09-17 马拉加 vs 比利亚雷
    2026-09-17 弗拉门戈 vs 德尔瓦耶独立
    2026-09-17 上海申花 vs 淡宾尼士
    2026-09-18 沙特阿拉伯 vs 卡塔尔23
    2026-09-18 赫尔火花 vs 赫尔辛基
    2026-09-18 沃夫斯堡 vs 达姆施塔
    2026-09-18 萨尔普斯堡 vs 奥斯KFUM
    2026-09-18 兰斯 vs 蒙彼利埃
    2026-09-18 格罗宁根 vs 兹沃勒
    2026-09-18 登博思 vs 海尔蒙特
    2026-09-18 拜仁 vs 柏林联合
    2026-09-18 蒙扎 vs 萨索洛
    2026-09-18 摩纳哥 vs 朗斯
    2026-09-18 布伦特 vs 切尔西
    2026-09-18 布城 vs 沃特福德
    2026-09-18 西班牙人 vs 埃尔切
    2026-09-18 纽约城 vs 纽约红牛
  ✅ 赛程合并完成

[补充] 为所有赔率补充编号信息...
  ✅ 为 0 场赔率补充了编号信息

[补充] 为所有赛程补充编号信息...
  ✅ 为 0 场赛程补充了编号信息

[补充] 从赛果API补充缺失的赛程条目...
  ✅ 新增 40 场比赛到赛程
     去重: matchId=13, 队名=120, 子串=4

[最终去重] 未发现重复比赛
  2026-09-10 费内巴切 vs 罗马: ✅
  2026-09-10 科莫 vs 莱红牛: ✅
  2026-09-10 拜仁 vs 博德闪耀: ⬜
  2026-09-10 斯拉维亚 vs 朗斯: ✅
  2026-09-10 曼联 vs 萨巴赫: ⬜
  2026-09-10 阿马多拉 vs 布拉迪斯: ✅
  2026-09-10 德尔瓦耶独立 vs 弗拉门戈: ✅
  2026-09-11 京都 vs 柏太阳神: ✅
  2026-09-11 哈马费萨 vs 吉达联合: ✅
  2026-09-11 纽伦堡 vs 汉诺威96: ✅
  2026-09-11 赫根 vs 米亚尔比: ✅
  2026-09-11 阿尔克马 vs 威廉二世: ⬜
  2026-09-11 马斯特里 vs 阿尔梅勒: ✅
  2026-09-11 柏林联合 vs 沙尔克04: ✅
  2026-09-11 威尼斯 vs 佛罗伦萨: ✅
  2026-09-11 雷恩 vs 马赛: ✅
  2026-09-11 西汉姆联 vs 雷克斯: ✅
  2026-09-11 塞维利亚 vs 巴伦西亚: ✅
  2026-09-11 科里蒂巴 vs 巴竞技: ✅
  2026-09-12 蔚山现代 vs 仁川联: ✅
  2026-09-12 全北现代 vs 首尔FC: ✅
  2026-09-12 广岛三箭 vs 大阪樱花: ✅
  2026-09-12 大阪钢巴 vs 东京FC: ✅
  2026-09-12 桑坦德 vs 阿拉维斯: ✅
  2026-09-12 热那亚 vs 弗洛西诺: ✅
  2026-09-12 弗赖堡 vs 门兴: ✅
  2026-09-12 美因茨 vs 法兰克福: ✅
  2026-09-12 多特蒙德 vs 帕德博恩: ✅
  2026-09-12 奥格斯堡 vs 勒沃库森: ✅
  2026-09-12 霍芬海姆 vs 斯图加特: ✅
  2026-09-12 切尔西 vs 赫尔城: ✅
  2026-09-12 伯恩茅斯 vs 布伦特: ✅
  2026-09-12 维拉 vs 诺丁汉: ✅
  2026-09-12 水晶宫 vs 伊普斯: ✅
  2026-09-12 利物浦 vs 富勒姆: ✅
  2026-09-12 奥萨苏纳 vs 西班牙人: ✅
  2026-09-12 斯特拉斯 vs 摩纳哥: ✅
  2026-09-12 布赖合作 vs 利雅新月: ✅
  2026-09-12 拉齐奥 vs AC米兰: ✅
  2026-09-12 罗森博格 vs 特罗姆瑟: ✅
  2026-09-12 热刺 vs 埃弗顿: ✅
  2026-09-12 科隆 vs 不来梅: ✅
  2026-09-12 毕尔巴鄂 vs 埃尔切: ✅
  2026-09-12 卡萨皮亚 vs 波尔图: ✅
  2026-09-12 福图纳 vs 阿贾克斯: ✅
  2026-09-12 亚特兰大 vs 卡利亚里: ✅
  2026-09-12 巴黎FC vs 里昂: ✅
  2026-09-12 桑德兰 vs 阿森纳: ✅
  2026-09-12 皇马 vs 巴列卡诺: ⬜
  2026-09-13 东京绿茵 vs 千叶市原: ✅
  2026-09-13 仙台七夕 vs 札幌冈萨: ✅
  2026-09-13 塞尔塔 vs 马拉加: ✅
  2026-09-13 哈马比 vs 布鲁马波: ⬜
  2026-09-13 库奥皮奥 vs 赫尔辛基: ✅
  2026-09-13 海伦芬 vs 斯达: ✅
  2026-09-13 莱切 vs 蒙扎: ✅
  2026-09-13 里尔 vs 特鲁瓦: ✅
  2026-09-13 莱红牛 vs 汉堡: ✅
  2026-09-13 莱万特 vs 巴萨: ⬜
  2026-09-13 汉坎 vs 莫尔德: ✅
  2026-09-13 勒芒 vs 朗斯: ✅
  2026-09-13 曼联 vs 曼城: ✅
  2026-09-13 埃沃斯堡 vs 拜仁: ⬜
  2026-09-13 那不勒斯 vs 博洛尼亚: ✅
  2026-09-13 赫塔费 vs 拉科: ✅
  2026-09-13 本菲卡 vs 吉维森特: ⬜
  2026-09-13 埃因霍温 vs 鹿斯巴达: ⬜
  2026-09-13 萨索洛 vs 尤文图斯: ✅
  2026-09-13 布雷斯特 vs 巴黎圣曼: ✅
  2026-09-13 皇家社会 vs 马竞: ✅
  2026-09-13 法马利康 vs 里斯本: ✅
  2026-09-13 弗拉门戈 vs 科林蒂安: ✅
  2026-09-13 芝加哥 vs 新英格兰: ✅
  2026-09-14 国际图 vs 瓦萨: ✅
  2026-09-14 科莫 vs 帕尔马: ✅
  2026-09-14 都灵 vs 罗马: ✅
  2026-09-14 佐加顿斯 vs 盖斯: ✅
  2026-09-14 博德闪耀 vs 桑纳菲: ⬜
  2026-09-14 吉达国民 vs 棉农: ⬜
  2026-09-14 国际米兰 vs 乌迪内斯: ✅
  2026-09-14 圣旺红星 vs 梅斯: ✅
  2026-09-14 利兹联 vs 纽卡斯尔: ✅
  2026-09-14 比利亚雷 vs 贝蒂斯: ✅
  2026-09-14 布拉迪斯 vs 埃斯托里: ✅
  2026-09-14 中国女 vs 中国港女: ⬜
  2026-09-15 叻武里 vs 上海海港: ✅
  2026-09-15 大田市民 vs 京都: ✅
  2026-09-15 卡塔尔23 vs 韩国23: ✅
  2026-09-15 柔佛 vs 布里兰: ✅
  2026-09-15 北京国安 vs 浦项: ✅
  2026-09-15 艾因 vs 利雅胜利: ✅
  2026-09-15 巴列卡诺 vs 西班牙人: ✅
  2026-09-15 阿拉维斯 vs 巴伦西亚: ✅
  2026-09-15 阿贾克斯 vs 威廉二世: ⬜
  2026-09-15 米堡 vs 米尔沃尔: ✅
  2026-09-15 利物浦 vs 热刺: ✅
  2026-09-15 伊普斯 vs 阿森纳: ✅
  2026-09-15 埃尔切 vs 皇马: ⬜
  2026-09-15 普拉滕斯 vs 弗鲁米嫩: ✅
  2026-09-15 卡塔尔亚 vs 韩国亚: ⬜
  2026-09-16 中国亚 vs 朝鲜亚: ✅
  2026-09-16 全北现代 vs 柏太阳神: ✅
  2026-09-16 日本23 vs 中国港亚: ⬜
  2026-09-16 奥莫尼亚 vs 塞尔塔: ✅
  2026-09-16 拉科 vs 塞维利亚: ✅
  2026-09-16 马竞 vs 奥萨苏纳: ✅
  2026-09-16 AC米兰 vs 本菲卡: ✅
  2026-09-16 勒沃库森 vs 采列: ⬜
  2026-09-16 桑德兰 vs 阿尔克马: ✅
  2026-09-16 格风暴 vs 雷恩: ✅
  2026-09-16 安德莱 vs 里昂: ✅
  2026-09-16 考文垂 vs 维拉: ✅
  2026-09-16 巴萨 vs 桑坦德: ⬜
  2026-09-16 莱万特 vs 毕尔巴鄂: ✅
  2026-09-16 基多体大 vs 帕梅拉斯: ✅
  2026-09-16 博塔弗戈 vs 格雷米奥: ✅
  2026-09-16 科林蒂安 vs 拉普大学: ✅
  2026-09-16 日本亚 vs 中国港亚: ⬜
  2026-09-17 乌兹别女 vs 中国女: ⬜
  2026-09-17 克里特 vs 霍芬海姆: ✅
  2026-09-17 贝蒂斯 vs 赫塔费: ✅
  2026-09-17 水晶宫 vs 波兹南: ✅
  2026-09-17 皇家社会 vs 伯恩茅斯: ✅
  2026-09-17 尤文图斯 vs 奈梅亨: ✅
  2026-09-17 贝西克塔 vs 马赛: ✅
  2026-09-17 利勒斯特 vs 托林斯: ✅
  2026-09-17 马拉加 vs 比利亚雷: ✅
  2026-09-17 弗拉门戈 vs 德尔瓦耶独立: ✅
  2026-09-17 上海申花 vs 淡宾尼士: ✅
  2026-09-18 沙特阿拉伯 vs 卡塔尔23: ✅
  2026-09-18 赫尔火花 vs 赫尔辛基: ✅
  2026-09-18 沃夫斯堡 vs 达姆施塔: ✅
  2026-09-18 萨尔普斯堡 vs 奥斯KFUM: ✅
  2026-09-18 兰斯 vs 蒙彼利埃: ✅
  2026-09-18 格罗宁根 vs 兹沃勒: ✅
  2026-09-18 登博思 vs 海尔蒙特: ✅
  2026-09-18 拜仁 vs 柏林联合: ⬜
  2026-09-18 蒙扎 vs 萨索洛: ✅
  2026-09-18 摩纳哥 vs 朗斯: ✅
  2026-09-18 布伦特 vs 切尔西: ✅
  2026-09-18 布城 vs 沃特福德: ✅
  2026-09-18 西班牙人 vs 埃尔切: ✅
  2026-09-18 纽约城 vs 纽约红牛: ✅
  2026-09-18 沃尔夫斯堡 vs 达姆施塔特: ⬜
  2026-09-18 布里斯托尔城 vs 沃特福德: ⬜
  2026-09-09 芝加哥 vs 迈国际: ⬜
  2026-09-09 拉普大学 vs 科林蒂安: ⬜
  2026-09-09 帕梅拉斯 vs 基多体大: ⬜
  2026-09-09 摩雷伦斯 vs 本菲卡: ⬜
  2026-09-09 切尔西 vs 利兹联: ⬜
  2026-09-09 查尔顿 vs 女王巡游: ⬜
  2026-09-09 巴黎圣曼 vs 布拉迪斯: ⬜
  2026-09-09 利物浦 vs 马竞: ⬜
  2026-09-09 那不勒斯 vs 阿森纳: ⬜
  2026-09-09 里斯本 vs 加拉塔萨: ⬜
  2026-09-09 特温特 vs 斯达: ⬜
  2026-09-09 斯图加特 vs 维京: ⬜
  2026-09-09 巴萨 vs 费耶诺德: ⬜
  2026-09-09 拉斯永恒 vs 利雅青年: ⬜
  2026-09-09 江原FC vs 全北现代: ⬜
  2026-09-08 弗鲁米嫩 vs 普拉滕斯: ⬜
  2026-09-08 波尔图 vs 曼城: ⬜
  2026-09-08 里尔 vs 贝蒂斯: ⬜
  2026-09-08 多特蒙德 vs 比利亚雷: ⬜
  2026-09-08 皇马 vs 国际米兰: ⬜
  2026-09-08 桑德兰 vs 赫尔城: ⬜
  2026-09-08 南安普敦 vs 斯旺西: ⬜
  2026-09-08 胡巴卡德 vs 吉达国民: ⬜
  2026-09-08 奈梅亨 vs SBV精英: ⬜
  2026-09-08 布鲁日 vs 维拉: ⬜
  2026-09-08 雅典AEK vs LASK林茨: ⬜
  2026-09-08 蔚山现代 vs 首尔FC: ⬜
  2026-09-07 维多利亚 vs 格雷米奥: ⬜
  2026-09-07 埃尔切 vs 皇家社会: ⬜
  2026-09-07 埃斯托里 vs 阿罗卡: ⬜
  2026-09-07 乌迪内斯 vs 拉齐奥: ⬜
  2026-09-07 利雅新月 vs 新未来SC: ⬜
  2026-09-07 卡尔马 vs 佐加顿斯: ⬜
  2026-09-07 马尔默 vs 索尔纳: ⬜
  2026-09-07 赫塔费 vs 塞尔塔: ⬜
  2026-09-07 卡利亚里 vs 莱切: ⬜

[ODDS 去重] 移除 1 条空赔率别名行：
    - 2026-09-15_阿布艾因_利雅胜利

[4/4] 更新 index.html...
  ✅ index.html 已更新

[5/5] 更新 odds_data.json...
  ✅ odds_data.json 已更新

============================================================
  赔率更新完成！
============================================================
