=== Platt 概率校准 === 样本 2005 场 | home=[1.6124, 0.136] draw=[1.1621, 0.3524] away=[1.4717, 0.162]
=== 二级盘校准 V3.3 === 拟合月份 2026-09 | 窗口 6 月 | 样本 4162 场
  让球盘 logit(P)=a+b1·logit(p_mkt)+b2·logit(p_mod)  a=+0.052 b1=+0.788 b2=+0.274  (拟合 b2=+0.281 t=+11.0, n=11412)
  冷门风险 P(首选翻车) 基础率 48.1%  β=[-0.138, -2.123, -1.423, -0.335, -0.152, 1.915]  n=3941
=== 联赛进球环境画像 ===
来源 results_history/*.json | 3058 场 | 39 个联赛 | 全局基线 2.8506
收缩权重 w=0.25 (向联赛基线收缩，非相乘——相乘会重复修正，实测恶化)
=== 动态校准 ===
偏差比 0.942 (预测均值3.06 vs 实际均值3.49) → λ×1.036  [偏差在容忍区间]
  2026-09-15  预测2.6  实际4.14  (14场)
  2026-09-14  预测2.96  实际3.25  (12场)
  2026-09-13  预测3.23  实际2.96  (24场)
  2026-09-12  预测2.93  实际3.4  (30场)
  2026-09-11  预测3.04  实际3.67  (12场)
  2026-09-10  预测3.55  实际3.71  (7场)
  2026-09-09  预测3.11  实际3.27  (15场)
  EWMA 轨迹: 09-09:0.951 → 09-10:0.953 → 09-11:0.921 → 09-12:0.907 → 09-13:0.953 → 09-14:0.942
  MAD 剔除异常期: [{'date': '2026-09-15', 'ratio': 0.628}]
联赛因子: {'亚冠精英': 1.083, '亚运男足': 1.036, '西甲': 0.997, '荷甲': 1.043, '英冠': 1.036, '英联赛杯': 1.036, '解放者杯': 1.036, '亚运女足': 1.036, '瑞超': 1.036, '英超': 0.975, '挪超': 1.036, '芬超': 1.036, '意甲': 1.099, '法乙': 1.036, '葡超': 1.03, '日职': 1.036, '日乙': 1.036, '法甲': 0.956, '德甲': 1.078, '巴甲': 1.036, '美职': 1.036, '韩职': 1.036, '沙职': 1.036, '德乙': 1.036, '荷乙': 1.036, '欧冠': 1.102}

=== BRIER_OPT === 上次 2026-09-14（2 天前 < 7 天），跳过

=== KALMAN_STRENGTH (V3.4 已接线) ===
  重放 5959 场（2025-12-31 ~ 2026-09-15） | 覆盖球队 635
  样本达标(≥5场)球队: 349/635 | 开关 apply=True
  主队进攻偏置 Top5: [('威科姆', 1.25), ('女王巡游', 1.25), ('里斯本', 1.25), ('圣埃蒂安', 1.25), ('巴萨', 1.25)]
  主队防守偏置 Top5（失球多于期望）: [('沃特福德', 1.25), ('莱切斯特', 1.25), ('特鲁瓦', 1.25), ('比萨', 1.25), ('通德拉', 1.25)]

=== HEDGE_ENSEMBLE (V3.4 已接线) ===
  近 500 场对数损失: 模型 1.0763 | 市场 0.9760 | 混合 0.9829
  HEDGE 权重(η=6.0): 模型 0.354 / 市场 0.646 → 当日市场权重 0.700（安全带 0.7~0.9，固定值 0.8）
  开关 apply=False（只记录，不改预测）

=== V3 校准路线图（ON·生效/ON·观察 = 已接线；ON = 链路内恒定步骤）===
  [x] EWMA_MAD        ON        EWMA(a=0.25)+MAD去极值求全局偏差比，替代三档跳变系数
  [x] LEAGUE_SHRINK   ON        按联赛分层+经验贝叶斯收缩，样本不足时向全局因子收缩
  [x] LEAGUE_PRIOR_SHRINK ON        联赛先验收缩 λ*(1-w)+联赛基线*w（w=0.25）。实测MAE 1.28
  [x] VENUE_SPLIT_LAMBDA ON        基础λ观测改用分主客口径（主队作为主队的进球/客队作为客队的失球），不再乘 HO
  [ ] VENUE_H2H       REJECTED  ❌ 2026-09-10 验证不可行：同一主客方向的交手记录 ≥3 场占比 0.
  [x] H2H_LEAGUE_NORM ON        H2H分档阈值按联赛基线归一(1.41/1.06/0.88/0.71×)，解决德
  [x] LEAGUE_DIST_SHAPE ON        联赛经验比分频率混合(第七步B, w=0.5, K=50收缩)：walk-for
  [x] PLATT_ISOTONIC  ON        胜平负 Platt 校准已启用(V3.1)：Brier -0.37%、平局偏差-
  [ ] DIXON_COLES_TAU REJECTED  ❌ 2026-09-06 验证不通过：全局ρ网格搜索最优-0.12，Brier仅
  [x] MARKET_BLEND_PROB ON        市场概率混合已启用(V3.2)：模型1X2 与 市场去水1X2 按 0.8 加权
  [ ] MARKET_SCORE_DIST REJECTED  ❌ 2026-09-10 验证否决：比分盘去水分布并入网格可再降 1X2 Bri
  [x] MARKET_HANDICAP ON        让球盘联合校准已启用(V3.3)：logit(P)=a+b1·logit(p_m
  [x] UPSET_ROUTE     ON        冷门风险已启用(V3.3)：P(市场首选翻车) logistic，特征=市场首选
  [x] BIG_GOALS       ON        大比分(总进球6+/7+)观察模块启用(2026-09-10)：市场总进球盘去水
  [x] SCORE_ALIGN     ON        比分矩阵对齐发布的 1X2 已启用(V3.3)：把矩阵三象限质量缩放到 Plat
  [ ] REST_DAYS       REJECTED  ❌ 2026-09-10 验证否决：休息天数对净胜球看似有 −0.6 球效应（多
  [x] BRIER_OPT       ON·生效     周期寻优 MARKET_W/DECAY/LEAGUE_SHRINK_W（walk
  [x] HEDGE_ENSEMBLE  ON·观察     专家 HEDGE（模型/市场/混合）近期对数损失 w∝exp(-ηL) → 当日
  [x] KALMAN_STRENGTH ON·生效     按「相对自身状态期望 λ 的偏置」在线更新 4 维攻防强度（主/客×攻/守），主
  [x] CLV_TRACK       ON·生效     每日跟踪推荐赔率 vs 收盘赔率（results_history 里的最终赔率）
  [x] DRIFT_MONITOR   ON·生效     每日 PSI/KS 监控进球/主客比/联赛基线分布，基准 drift_basel

=== 逐场计算 ===
周三001 中国23vs朝鲜亚        λ1.36/1.11 总分2.47 | 1:1(16.3%) 1★ | H2H0场 f=1.0 B✗ | 让球-1 让球负 EV0.89(高) | 冷门58%(高) | 大比分6+ 市场5.7%→校准3.9%(低) EV7+0.49
周三002 全北现代vs柏太阳神       λ1.21/1.68 总分2.90 | 1:1(13.8%) 3★ | H2H0场 f=1.0 B✗ | 让球+1 让球胜 EV0.92(高) | 冷门54%(高) | 大比分6+ 市场8.0%→校准5.5%(低) EV7+0.50
周三003 日本23vs中国港亚       λ2.90/0.19 总分3.08 | 2:0(20.4%) 5★ | H2H0场 f=1.0 B✗ | 让球-4 让球负 EV1.25(低) | 冷门3%(低) | 大比分6+ 市场43.1%→校准33.1%(高) EV7+0.66
周三004 奥莫尼亚vs塞尔塔        λ0.99/1.67 总分2.66 | 1:1(13.6%) 1★ | H2H0场 f=1.0 B✗ | 让球+1 让球胜 EV1.05(中) | 冷门57%(高) | 大比分6+ 市场5.8%→校准4.0%(低) EV7+0.48
周三005 拉科vs塞维利亚       λ1.42/1.36 总分2.78 | 1:1(17.5%) 1★ | H2H0场 f=1.0 B✗ | 让球+1 让球胜 EV0.94(高) | 冷门63%(高) | 大比分6+ 市场4.0%→校准2.8%(低) EV7+0.47
周三006 马竞vs奥萨苏纳       λ2.17/0.88 总分3.05 | 1:0(11.7%) 5★ | H2H1场 f=1.0 B✗ | 让球-1 让球负 EV1.07(中) | 冷门35%(低) | 大比分6+ 市场9.0%→校准6.2%(低) EV7+0.51
周三007 AC米兰vs本菲卡        λ1.98/1.79 总分3.77 | 1:1(11.6%) 2★ | H2H0场 f=1.0 B✗ | 让球-1 让球负 EV1.06(低) | 冷门63%(高) | 大比分6+ 市场9.3%→校准6.5%(低) EV7+0.51
周三008 勒沃库森vs采列         λ2.62/0.40 总分3.02 | 2:0(15.4%) 5★ | H2H0场 f=1.0 B✗ | 让球-2 让球负 EV1.39(低) | 冷门19%(低) | 大比分6+ 市场22.5%→校准16.1%(中) EV7+0.58
周三009 桑德兰vs阿尔克马       λ2.18/1.14 总分3.32 | 1:1(10.6%) 4★ | H2H0场 f=1.0 B✗ | 让球-1 让球负 EV1.35(低) | 冷门54%(高) | 大比分6+ 市场9.3%→校准6.5%(低) EV7+0.51
周三010 格风暴vs雷恩         λ1.07/1.73 总分2.81 | 1:1(13.2%) 2★ | H2H0场 f=1.0 B✗ | 让球+1 让球胜 EV0.93(高) | 冷门50%(中) | 大比分6+ 市场11.0%→校准7.7%(低) EV7+0.52
周三011 安德莱vs里昂         λ1.28/1.70 总分2.98 | 1:1(14.2%) 1★ | H2H0场 f=1.0 B✗ | 让球+1 让球胜 EV1.05(低) | 冷门61%(高) | 大比分6+ 市场9.5%→校准6.6%(低) EV7+0.51
周三012 考文垂vs维拉         λ1.38/1.70 总分3.08 | 1:1(13.6%) 2★ | H2H0场 f=1.0 B✗ | 让球+1 让球负 EV1.02(中) | 冷门49%(中) | 大比分6+ 市场8.7%→校准6.0%(低) EV7+0.51
周三013 巴萨vs桑坦德        λ3.06/0.80 总分3.86 | 3:0(10.3%) 5★ | H2H0场 f=1.0 B✗ | 让球-3 让球负 EV1.29(低) | 冷门9%(低) | 大比分6+ 市场37.2%→校准28.0%(高) EV7+0.64
周三014 莱万特vs毕尔巴鄂       λ1.21/1.63 总分2.84 | 1:1(15.2%) 1★ | H2H1场 f=1.0 B✗ | 让球+1 让球胜 EV0.95(高) | 冷门55%(高) | 大比分6+ 市场8.2%→校准5.7%(低) EV7+0.51
周三015 基多体大vs帕梅拉斯       λ1.17/1.15 总分2.32 | 1:1(19.5%) 1★ | H2H1场 f=1.0 B✗ | 让球-1 让球负 EV1.01(中) | 冷门68%(高) | 大比分6+ 市场3.4%→校准2.3%(低) EV7+0.46
周三016 博塔弗戈vs格雷米奥       λ1.10/0.85 总分1.95 | 0:0(18.4%) 1★ | H2H0场 f=1.0 B✗ | 让球-1 让球负 EV1.18(低) | 冷门62%(高) | 大比分6+ 市场7.7%→校准5.3%(低) EV7+0.50
周三017 科林蒂安vs拉普大学       λ1.22/0.73 总分1.96 | 1:1(16.8%) 2★ | H2H1场 f=1.0 B✗ | 让球-1 让球负 EV0.94(高) | 冷门58%(高) | 大比分6+ 市场2.8%→校准1.9%(低) EV7+0.46

共 17 场，已写入 _calc_result.json
预测快照已写入 C:\Users\Jin\jinbet\predictions\2026-09-16\pred_snapshot.json（后续校准直接读取，不再解析 HTML）

=== CLV_TRACK === 2026-09-15 无匹配收盘赔率，跳过

=== DRIFT_MONITOR (V3.4) — 基准 2026-09-14T16:46:37.940980 ===
  global_goals         PSI=0.0001 KS=0.0037  ✅ 稳定
  home_away_ratio      PSI=0.0294 KS=0.0745  ✅ 稳定
  league_baselines     均值变化率=3.59% 标准差=7.19%  ❌ 漂移
    ↑ 德国乙级联赛: 50.0%
    ↑ 韩国职业联赛: 16.67%
    ↑ 荷兰甲级联赛: 15.38%

  ❌ 检测到 1 项漂移 — 建议执行 compute_calibration() 重标定
  ⚠️ 漂移模块命中 ['league_baselines'] → 建议离线重拟合 market_calib / Platt
模块状态已写入 v34_state.json（BRIER_OPT/HEDGE/KALMAN/CLV/DRIFT）
