
============================================================
  获取赛果数据（网易主源 / 体彩备用，回溯 7 天）
============================================================

[1/3] 获取赛果数据（网易主源）...
  🎯 网易API赛果: 累计解析到 129 场唯一比赛 ((jcNum,matchId) 去重，过去7日)
  🎯 网易API赛果: 解析到 112 场已完赛比赛（112 条 key）
    [周三011] 2026-09-09_切尔西_利兹联 → 6:3 （英联赛杯） id=5501987
    [周三008] 2026-09-09_利物浦_马竞 → 2:1 （欧冠） id=5502181
    [周三003] 2026-09-09_巴萨_费耶诺德 → 5:1 （欧冠） id=5502123
    [周三009] 2026-09-09_巴黎圣曼_布拉迪斯 → 6:1 （欧冠） id=5502200
    [周三013] 2026-09-09_帕梅拉斯_基多体大 → 1:0 （解放者杯） id=5497268
    [周三014] 2026-09-09_拉普大学_科林蒂安 → 1:1 （解放者杯） id=5497266
    [周三012] 2026-09-09_摩雷伦斯_本菲卡 → 0:4 （葡超） id=5476758
    [周三004] 2026-09-09_斯图加特_维京 → 3:1 （欧冠） id=5502254
    [周三010] 2026-09-09_查尔顿_女王巡游 → 0:0 （英冠） id=5490983
    [周三005] 2026-09-09_特温特_斯达 → 1:0 （荷甲） id=5490968
    [周三015] 2026-09-09_芝加哥_迈国际 → 1:1 （美职） id=5491009
    [周三007] 2026-09-09_那不勒斯_阿森纳 → 0:1 （欧冠） id=5502193
  ✅ 解析成功: 112 场比赛 (来源: 163)

  [跳过] 网易主源自带编号/联赛，无需体彩编号接口
  原有赛果: 3078 条
  合并后赛果（canonical + matchId 去重）: 3087 条
  归档旧赛果: 2988 条到 results_history/
  ✅ [AUDIT] 全量归档审计通过，无错日期条目
  [DEDUP-ALIGN]    2026-01-01_哈德斯_林肯城  →  2026-01-01_林肯城_哈德斯
  [DEDUP-ALIGN]    2026-01-01_巴恩斯利_维冈  →  2026-01-01_维冈_巴恩斯利
  [DEDUP-ALIGN]    2026-01-01_布拉德福_曼斯菲德  →  2026-01-01_曼斯菲德_布拉德福
  [DEDUP-ALIGN]    2026-01-01_彼得堡联_罗瑟汉姆  →  2026-01-01_罗瑟汉姆_彼得堡联
  [DEDUP-ALIGN] 受影响文件 235 / 241
  [DEDUP-ALIGN] ✅ 已写盘 241 个文件，备份 → C:\Users\Jin\jinbet\_hist_backup_2026-09-16

[3/4] 从赛果提取历史赔率并同步到 ODDS...
  原有ODDS: 2995 条
  ✅ 从赛果回填 ODDS：新增 0 条, 更新 2946 条 (canonical归一化 0 条, 共 2995 条)
  ✅ ODDS 内联(index.html) + odds_data.json 已同步

[4/4] 更新 index.html 中的赛果数据...
  ✅ index.html 已更新
  ✅ results_data.json 已更新 (3087 条)

============================================================
  赛果更新完成！共 3087 条
============================================================
