今天日期: 2026-09-16
从 SCHEDULE 提取到 17 场 2026-09-16 的比赛
[1X2 反推] 比分盘 → 1X2 补齐 3 场（来源已标注 odds._hda_src）
  周三001    亚运男足       中国23 vs 朝鲜亚  胜=2.22 平=2.88 负=3.02 [OK]
  周三002    亚冠精英       全北现代 vs 柏太阳神  胜=3.38 平=3.35 负=1.87 [OK]
  周三003    亚运男足       日本23 vs 中国港亚  胜=1.0408 平=40.9655 负=67.6017 [OK]
  周三004    欧罗巴        奥莫尼亚 vs 塞尔塔  胜=4.2 平=3.5 负=1.65 [OK]
  周三005    西甲         拉科 vs 塞维利亚  胜=2.55 平=3.05 负=2.45 [OK]
  周三006    西甲         马竞 vs 奥萨苏纳  胜=1.25 平=4.7 负=8.6 [OK]
  周三007    欧罗巴        AC米兰 vs 本菲卡  胜=2.1 平=3.4 负=2.79 [OK]
  周三008    欧罗巴        勒沃库森 vs 采列  胜=1.1638 平=11.0470 负=19.9160 [OK]
  周三009    欧罗巴        桑德兰 vs 阿尔克马  胜=1.41 平=4.2 负=5.5 [OK]
  周三010    欧罗巴        格风暴 vs 雷恩  胜=3.7 平=3.8 负=1.68 [OK]
  周三011    欧罗巴        安德莱 vs 里昂  胜=3.3 平=3.5 负=1.85 [OK]
  周三012    英联赛杯       考文垂 vs 维拉  胜=2.88 平=3.4 负=2.05 [OK]
  周三013    西甲         巴萨 vs 桑坦德  胜=1.1260 平=14.9873 负=22.1486 [OK]
  周三014    西甲         莱万特 vs 毕尔巴鄂  胜=3.45 平=3.4 负=1.84 [OK]
  周三015    解放者杯       基多体大 vs 帕梅拉斯  胜=2.3 平=2.95 负=2.81 [OK]
  周三016    巴甲         博塔弗戈 vs 格雷米奥  胜=1.59 平=3.7 负=4.35 [OK]
  周三017    解放者杯       科林蒂安 vs 拉普大学  胜=1.88 平=2.67 负=4.5 [OK]

赔率完整: 17/17
数据已保存: C:\Users\Jin\jinbet\scripts\matches_data.json
