============================================================
  从彩票网站获取赔率数据
============================================================

当前赛程包含 9 个日期

[1/3] 尝试从网易体育获取赔率数据...
  ✅ 网易体育获取成功

[2/3] 解析网易赔率数据...
  ✅ 解析完成，共 27 场比赛赔率

📊 本次数据源: 网易体育
    2026-09-16_中国23_朝鲜亚: 胜=2.22, 平=2.88, 负=3.02
    2026-09-16_全北现代_柏太阳神: 胜=3.38, 平=3.35, 负=1.87
    2026-09-16_日本23_中国港亚: 胜=, 平=, 负=
    2026-09-16_奥莫尼亚_塞尔塔: 胜=4.2, 平=3.5, 负=1.65
    2026-09-16_拉科_塞维利亚: 胜=2.55, 平=3.05, 负=2.45
    2026-09-16_马竞_奥萨苏纳: 胜=1.25, 平=4.7, 负=8.6
    2026-09-16_AC米兰_本菲卡: 胜=2.1, 平=3.4, 负=2.79
    2026-09-16_勒沃库森_采列: 胜=, 平=, 负=
    2026-09-16_桑德兰_阿尔克马: 胜=1.41, 平=4.2, 负=5.5
    2026-09-16_格风暴_雷恩: 胜=3.7, 平=3.8, 负=1.68
    2026-09-16_安德莱_里昂: 胜=3.3, 平=3.5, 负=1.85
    2026-09-16_考文垂_维拉: 胜=2.88, 平=3.4, 负=2.05
    2026-09-16_巴萨_桑坦德: 胜=, 平=, 负=
    2026-09-16_莱万特_毕尔巴鄂: 胜=3.45, 平=3.4, 负=1.84
    2026-09-16_基多体大_帕梅拉斯: 胜=2.3, 平=2.95, 负=2.81
    2026-09-16_博塔弗戈_格雷米奥: 胜=1.59, 平=3.7, 负=4.35
    2026-09-16_科林蒂安_拉普大学: 胜=1.88, 平=2.67, 负=4.5
    2026-09-17_乌兹别女_中国女: 胜=, 平=, 负=
    2026-09-17_克里特_霍芬海姆: 胜=6, 平=4.62, 负=1.34
    2026-09-17_贝蒂斯_赫塔费: 胜=1.55, 平=3.3, 负=5.52
    2026-09-17_水晶宫_波兹南: 胜=1.26, 平=4.95, 负=7.55
    2026-09-17_皇家社会_伯恩茅斯: 胜=2.57, 平=3.42, 负=2.23
    2026-09-17_尤文图斯_奈梅亨: 胜=1.13, 平=6, 负=13
    2026-09-17_贝西克塔_马赛: 胜=1.74, 平=3.7, 负=3.52
    2026-09-17_利勒斯特_托林斯: 胜=1.35, 平=4.32, 负=6.35
    2026-09-17_马拉加_比利亚雷: 胜=3.45, 平=3.6, 负=1.78
    2026-09-17_弗拉门戈_德尔瓦耶独立: 胜=1.25, 平=4.77, 负=8.35

[补充] 从体彩赛果API获取完整比赛编号信息...
  获取日期范围: 2026-09-07 至 2026-09-19
  赛果API返回 143 场比赛的编号信息
  赔率API补充 27 场即将进行比赛的编号
  合并后共 170 场比赛的编号信息
  id_map 示例 key: ['2026-09-15_普拉滕斯_弗鲁米嫩', '2026-09-15_埃尔切_皇马', '2026-09-15_伊普斯_阿森纳']
  odds_data 示例 key: ['2026-09-16_中国23_朝鲜亚', '2026-09-16_全北现代_柏太阳神', '2026-09-16_日本23_中国港亚']
  ✅ 已补充 15 场赔率、27 场赛程的编号信息

[2.5/3] 合并赛程与赔率数据...
    原有赛程: 9 个日期
    新增赛程: 2 个日期
    已标准化所有队名 (canonical_team_name 全局统一)
    合并后赛程: 10 个日期
    原有赔率: 2975 条
    合并后赔率（canonical 归一化）: 2994 条
    合并后赔率（已过滤错日期）: 2994 条
    补全 league 字段: 11 条
    📁 归档: 2026-09-08.json (12场, 12条赔率)
    📋 归档索引已更新（69 个日期）
    清理旧赛程: 1 个日期（2026-09-09 之前）
    旧赔率归档(保留全量): 2853 条（2026-09-09 之前,已复制到 odds_history/）
    2026-09-09 江原FC vs 全北现代
    2026-09-09 拉斯永恒 vs 利雅青年
    2026-09-09 巴萨 vs 费耶诺德
    2026-09-09 斯图加特 vs 维京
    2026-09-09 特温特 vs 斯达
    2026-09-09 里斯本 vs 加拉塔萨
    2026-09-09 那不勒斯 vs 阿森纳
    2026-09-09 利物浦 vs 马竞
    2026-09-09 巴黎圣曼 vs 布拉迪斯
    2026-09-09 查尔顿 vs 女王巡游
    2026-09-09 切尔西 vs 利兹联
    2026-09-09 摩雷伦斯 vs 本菲卡
    2026-09-09 帕梅拉斯 vs 基多体大
    2026-09-09 拉普大学 vs 科林蒂安
    2026-09-09 芝加哥 vs 迈国际
    2026-09-10 费内巴切 vs 罗马
    2026-09-10 科莫 vs 莱红牛
    2026-09-10 拜仁 vs 博德闪耀
    2026-09-10 斯拉维亚 vs 朗斯
    2026-09-10 曼联 vs 萨巴赫
    2026-09-10 阿马多拉 vs 布拉迪斯
    2026-09-10 德尔瓦耶独立 vs 弗拉门戈
    2026-09-11 京都 vs 柏太阳神
    2026-09-11 哈马费萨 vs 吉达联合
    2026-09-11 纽伦堡 vs 汉诺威96
    2026-09-11 赫根 vs 米亚尔比
    2026-09-11 阿尔克马 vs 威廉二世
    2026-09-11 马斯特里 vs 阿尔梅勒
    2026-09-11 柏林联合 vs 沙尔克04
    2026-09-11 威尼斯 vs 佛罗伦萨
    2026-09-11 雷恩 vs 马赛
    2026-09-11 西汉姆联 vs 雷克斯
    2026-09-11 塞维利亚 vs 巴伦西亚
    2026-09-11 科里蒂巴 vs 巴竞技
    2026-09-12 蔚山现代 vs 仁川联
    2026-09-12 全北现代 vs 首尔FC
    2026-09-12 广岛三箭 vs 大阪樱花
    2026-09-12 大阪钢巴 vs 东京FC
    2026-09-12 桑坦德 vs 阿拉维斯
    2026-09-12 热那亚 vs 弗洛西诺
    2026-09-12 弗赖堡 vs 门兴
    2026-09-12 美因茨 vs 法兰克福
    2026-09-12 多特蒙德 vs 帕德博恩
    2026-09-12 奥格斯堡 vs 勒沃库森
    2026-09-12 霍芬海姆 vs 斯图加特
    2026-09-12 切尔西 vs 赫尔城
    2026-09-12 伯恩茅斯 vs 布伦特
    2026-09-12 维拉 vs 诺丁汉
    2026-09-12 水晶宫 vs 伊普斯
    2026-09-12 利物浦 vs 富勒姆
    2026-09-12 奥萨苏纳 vs 西班牙人
    2026-09-12 斯特拉斯 vs 摩纳哥
    2026-09-12 布赖合作 vs 利雅新月
    2026-09-12 拉齐奥 vs AC米兰
    2026-09-12 罗森博格 vs 特罗姆瑟
    2026-09-12 热刺 vs 埃弗顿
    2026-09-12 科隆 vs 不来梅
    2026-09-12 毕尔巴鄂 vs 埃尔切
    2026-09-12 卡萨皮亚 vs 波尔图
    2026-09-12 福图纳 vs 阿贾克斯
    2026-09-12 亚特兰大 vs 卡利亚里
    2026-09-12 巴黎FC vs 里昂
    2026-09-12 桑德兰 vs 阿森纳
    2026-09-12 皇马 vs 巴列卡诺
    2026-09-13 东京绿茵 vs 千叶市原
    2026-09-13 仙台七夕 vs 札幌冈萨
    2026-09-13 塞尔塔 vs 马拉加
    2026-09-13 哈马比 vs 布鲁马波
    2026-09-13 库奥皮奥 vs 赫尔辛基
    2026-09-13 海伦芬 vs 斯达
    2026-09-13 莱切 vs 蒙扎
    2026-09-13 里尔 vs 特鲁瓦
    2026-09-13 莱红牛 vs 汉堡
    2026-09-13 莱万特 vs 巴萨
    2026-09-13 汉坎 vs 莫尔德
    2026-09-13 勒芒 vs 朗斯
    2026-09-13 曼联 vs 曼城
    2026-09-13 埃沃斯堡 vs 拜仁
    2026-09-13 那不勒斯 vs 博洛尼亚
    2026-09-13 赫塔费 vs 拉科
    2026-09-13 本菲卡 vs 吉维森特
    2026-09-13 埃因霍温 vs 鹿斯巴达
    2026-09-13 萨索洛 vs 尤文图斯
    2026-09-13 布雷斯特 vs 巴黎圣曼
    2026-09-13 皇家社会 vs 马竞
    2026-09-13 法马利康 vs 里斯本
    2026-09-13 弗拉门戈 vs 科林蒂安
    2026-09-13 芝加哥 vs 新英格兰
    2026-09-14 国际图 vs 瓦萨
    2026-09-14 科莫 vs 帕尔马
    2026-09-14 都灵 vs 罗马
    2026-09-14 佐加顿斯 vs 盖斯
    2026-09-14 博德闪耀 vs 桑纳菲
    2026-09-14 吉达国民 vs 棉农
    2026-09-14 国际米兰 vs 乌迪内斯
    2026-09-14 圣旺红星 vs 梅斯
    2026-09-14 利兹联 vs 纽卡斯尔
    2026-09-14 比利亚雷 vs 贝蒂斯
    2026-09-14 布拉迪斯 vs 埃斯托里
    2026-09-14 中国女 vs 中国港女
    2026-09-15 叻武里 vs 上海海港
    2026-09-15 大田市民 vs 京都
    2026-09-15 卡塔尔23 vs 韩国23
    2026-09-15 柔佛 vs 布里兰
    2026-09-15 北京国安 vs 浦项
    2026-09-15 艾因 vs 利雅胜利
    2026-09-15 巴列卡诺 vs 西班牙人
    2026-09-15 阿拉维斯 vs 巴伦西亚
    2026-09-15 阿贾克斯 vs 威廉二世
    2026-09-15 米堡 vs 米尔沃尔
    2026-09-15 利物浦 vs 热刺
    2026-09-15 伊普斯 vs 阿森纳
    2026-09-15 埃尔切 vs 皇马
    2026-09-15 普拉滕斯 vs 弗鲁米嫩
    2026-09-16 全北现代 vs 柏太阳神
    2026-09-16 拉科 vs 塞维利亚
    2026-09-16 马竞 vs 奥萨苏纳
    2026-09-16 考文垂 vs 维拉
    2026-09-16 巴萨 vs 桑坦德
    2026-09-16 莱万特 vs 毕尔巴鄂
    2026-09-16 基多体大 vs 帕梅拉斯
    2026-09-16 科林蒂安 vs 拉普大学
    2026-09-16 中国23 vs 朝鲜亚
    2026-09-16 日本23 vs 中国港亚
    2026-09-16 奥莫尼亚 vs 塞尔塔
    2026-09-16 AC米兰 vs 本菲卡
    2026-09-16 勒沃库森 vs 采列
    2026-09-16 桑德兰 vs 阿尔克马
    2026-09-16 格风暴 vs 雷恩
    2026-09-16 安德莱 vs 里昂
    2026-09-16 博塔弗戈 vs 格雷米奥
    2026-09-17 乌兹别女 vs 中国女
    2026-09-17 克里特 vs 霍芬海姆
    2026-09-17 贝蒂斯 vs 赫塔费
    2026-09-17 水晶宫 vs 波兹南
    2026-09-17 皇家社会 vs 伯恩茅斯
    2026-09-17 尤文图斯 vs 奈梅亨
    2026-09-17 贝西克塔 vs 马赛
    2026-09-17 利勒斯特 vs 托林斯
    2026-09-17 马拉加 vs 比利亚雷
    2026-09-17 弗拉门戈 vs 德尔瓦耶独立
  ✅ 赛程合并完成

[补充] 为所有赔率补充编号信息...
  ✅ 为 0 场赔率补充了编号信息

[补充] 为所有赛程补充编号信息...
  ✅ 为 0 场赛程补充了编号信息

[补充] 从赛果API补充缺失的赛程条目...
  ✅ 新增 29 场比赛到赛程
     去重: matchId=19, 队名=117, 子串=5

[最终去重] 未发现重复比赛
  2026-09-09 江原FC vs 全北现代: ✅
  2026-09-09 拉斯永恒 vs 利雅青年: ✅
  2026-09-09 巴萨 vs 费耶诺德: ⬜
  2026-09-09 斯图加特 vs 维京: ⬜
  2026-09-09 特温特 vs 斯达: ⬜
  2026-09-09 里斯本 vs 加拉塔萨: ✅
  2026-09-09 那不勒斯 vs 阿森纳: ✅
  2026-09-09 利物浦 vs 马竞: ✅
  2026-09-09 巴黎圣曼 vs 布拉迪斯: ⬜
  2026-09-09 查尔顿 vs 女王巡游: ✅
  2026-09-09 切尔西 vs 利兹联: ✅
  2026-09-09 摩雷伦斯 vs 本菲卡: ⬜
  2026-09-09 帕梅拉斯 vs 基多体大: ✅
  2026-09-09 拉普大学 vs 科林蒂安: ✅
  2026-09-09 芝加哥 vs 迈国际: ✅
  2026-09-10 费内巴切 vs 罗马: ✅
  2026-09-10 科莫 vs 莱红牛: ✅
  2026-09-10 拜仁 vs 博德闪耀: ⬜
  2026-09-10 斯拉维亚 vs 朗斯: ✅
  2026-09-10 曼联 vs 萨巴赫: ⬜
  2026-09-10 阿马多拉 vs 布拉迪斯: ✅
  2026-09-10 德尔瓦耶独立 vs 弗拉门戈: ✅
  2026-09-11 京都 vs 柏太阳神: ✅
  2026-09-11 哈马费萨 vs 吉达联合: ✅
  2026-09-11 纽伦堡 vs 汉诺威96: ✅
  2026-09-11 赫根 vs 米亚尔比: ✅
  2026-09-11 阿尔克马 vs 威廉二世: ⬜
  2026-09-11 马斯特里 vs 阿尔梅勒: ✅
  2026-09-11 柏林联合 vs 沙尔克04: ✅
  2026-09-11 威尼斯 vs 佛罗伦萨: ✅
  2026-09-11 雷恩 vs 马赛: ✅
  2026-09-11 西汉姆联 vs 雷克斯: ✅
  2026-09-11 塞维利亚 vs 巴伦西亚: ✅
  2026-09-11 科里蒂巴 vs 巴竞技: ✅
  2026-09-12 蔚山现代 vs 仁川联: ✅
  2026-09-12 全北现代 vs 首尔FC: ✅
  2026-09-12 广岛三箭 vs 大阪樱花: ✅
  2026-09-12 大阪钢巴 vs 东京FC: ✅
  2026-09-12 桑坦德 vs 阿拉维斯: ✅
  2026-09-12 热那亚 vs 弗洛西诺: ✅
  2026-09-12 弗赖堡 vs 门兴: ✅
  2026-09-12 美因茨 vs 法兰克福: ✅
  2026-09-12 多特蒙德 vs 帕德博恩: ✅
  2026-09-12 奥格斯堡 vs 勒沃库森: ✅
  2026-09-12 霍芬海姆 vs 斯图加特: ✅
  2026-09-12 切尔西 vs 赫尔城: ✅
  2026-09-12 伯恩茅斯 vs 布伦特: ✅
  2026-09-12 维拉 vs 诺丁汉: ✅
  2026-09-12 水晶宫 vs 伊普斯: ✅
  2026-09-12 利物浦 vs 富勒姆: ✅
  2026-09-12 奥萨苏纳 vs 西班牙人: ✅
  2026-09-12 斯特拉斯 vs 摩纳哥: ✅
  2026-09-12 布赖合作 vs 利雅新月: ✅
  2026-09-12 拉齐奥 vs AC米兰: ✅
  2026-09-12 罗森博格 vs 特罗姆瑟: ✅
  2026-09-12 热刺 vs 埃弗顿: ✅
  2026-09-12 科隆 vs 不来梅: ✅
  2026-09-12 毕尔巴鄂 vs 埃尔切: ✅
  2026-09-12 卡萨皮亚 vs 波尔图: ✅
  2026-09-12 福图纳 vs 阿贾克斯: ✅
  2026-09-12 亚特兰大 vs 卡利亚里: ✅
  2026-09-12 巴黎FC vs 里昂: ✅
  2026-09-12 桑德兰 vs 阿森纳: ✅
  2026-09-12 皇马 vs 巴列卡诺: ⬜
  2026-09-13 东京绿茵 vs 千叶市原: ✅
  2026-09-13 仙台七夕 vs 札幌冈萨: ✅
  2026-09-13 塞尔塔 vs 马拉加: ✅
  2026-09-13 哈马比 vs 布鲁马波: ⬜
  2026-09-13 库奥皮奥 vs 赫尔辛基: ✅
  2026-09-13 海伦芬 vs 斯达: ✅
  2026-09-13 莱切 vs 蒙扎: ✅
  2026-09-13 里尔 vs 特鲁瓦: ✅
  2026-09-13 莱红牛 vs 汉堡: ✅
  2026-09-13 莱万特 vs 巴萨: ⬜
  2026-09-13 汉坎 vs 莫尔德: ✅
  2026-09-13 勒芒 vs 朗斯: ✅
  2026-09-13 曼联 vs 曼城: ✅
  2026-09-13 埃沃斯堡 vs 拜仁: ⬜
  2026-09-13 那不勒斯 vs 博洛尼亚: ✅
  2026-09-13 赫塔费 vs 拉科: ✅
  2026-09-13 本菲卡 vs 吉维森特: ⬜
  2026-09-13 埃因霍温 vs 鹿斯巴达: ⬜
  2026-09-13 萨索洛 vs 尤文图斯: ✅
  2026-09-13 布雷斯特 vs 巴黎圣曼: ✅
  2026-09-13 皇家社会 vs 马竞: ✅
  2026-09-13 法马利康 vs 里斯本: ✅
  2026-09-13 弗拉门戈 vs 科林蒂安: ✅
  2026-09-13 芝加哥 vs 新英格兰: ✅
  2026-09-14 国际图 vs 瓦萨: ✅
  2026-09-14 科莫 vs 帕尔马: ✅
  2026-09-14 都灵 vs 罗马: ✅
  2026-09-14 佐加顿斯 vs 盖斯: ✅
  2026-09-14 博德闪耀 vs 桑纳菲: ⬜
  2026-09-14 吉达国民 vs 棉农: ⬜
  2026-09-14 国际米兰 vs 乌迪内斯: ✅
  2026-09-14 圣旺红星 vs 梅斯: ✅
  2026-09-14 利兹联 vs 纽卡斯尔: ✅
  2026-09-14 比利亚雷 vs 贝蒂斯: ✅
  2026-09-14 布拉迪斯 vs 埃斯托里: ✅
  2026-09-14 中国女 vs 中国港女: ⬜
  2026-09-15 叻武里 vs 上海海港: ✅
  2026-09-15 大田市民 vs 京都: ✅
  2026-09-15 卡塔尔23 vs 韩国23: ✅
  2026-09-15 柔佛 vs 布里兰: ✅
  2026-09-15 北京国安 vs 浦项: ✅
  2026-09-15 艾因 vs 利雅胜利: ✅
  2026-09-15 巴列卡诺 vs 西班牙人: ✅
  2026-09-15 阿拉维斯 vs 巴伦西亚: ✅
  2026-09-15 阿贾克斯 vs 威廉二世: ⬜
  2026-09-15 米堡 vs 米尔沃尔: ✅
  2026-09-15 利物浦 vs 热刺: ✅
  2026-09-15 伊普斯 vs 阿森纳: ✅
  2026-09-15 埃尔切 vs 皇马: ⬜
  2026-09-15 普拉滕斯 vs 弗鲁米嫩: ✅
  2026-09-15 卡塔尔亚 vs 韩国亚: ⬜
  2026-09-16 全北现代 vs 柏太阳神: ✅
  2026-09-16 拉科 vs 塞维利亚: ✅
  2026-09-16 马竞 vs 奥萨苏纳: ✅
  2026-09-16 考文垂 vs 维拉: ✅
  2026-09-16 巴萨 vs 桑坦德: ⬜
  2026-09-16 莱万特 vs 毕尔巴鄂: ✅
  2026-09-16 基多体大 vs 帕梅拉斯: ✅
  2026-09-16 科林蒂安 vs 拉普大学: ✅
  2026-09-16 中国23 vs 朝鲜亚: ✅
  2026-09-16 日本23 vs 中国港亚: ⬜
  2026-09-16 奥莫尼亚 vs 塞尔塔: ✅
  2026-09-16 AC米兰 vs 本菲卡: ✅
  2026-09-16 勒沃库森 vs 采列: ⬜
  2026-09-16 桑德兰 vs 阿尔克马: ✅
  2026-09-16 格风暴 vs 雷恩: ✅
  2026-09-16 安德莱 vs 里昂: ✅
  2026-09-16 博塔弗戈 vs 格雷米奥: ✅
  2026-09-17 乌兹别女 vs 中国女: ⬜
  2026-09-17 克里特 vs 霍芬海姆: ✅
  2026-09-17 贝蒂斯 vs 赫塔费: ✅
  2026-09-17 水晶宫 vs 波兹南: ✅
  2026-09-17 皇家社会 vs 伯恩茅斯: ✅
  2026-09-17 尤文图斯 vs 奈梅亨: ✅
  2026-09-17 贝西克塔 vs 马赛: ✅
  2026-09-17 利勒斯特 vs 托林斯: ✅
  2026-09-17 马拉加 vs 比利亚雷: ✅
  2026-09-17 弗拉门戈 vs 德尔瓦耶独立: ✅
  2026-09-08 弗鲁米嫩 vs 普拉滕斯: ⬜
  2026-09-08 波尔图 vs 曼城: ⬜
  2026-09-08 里尔 vs 贝蒂斯: ⬜
  2026-09-08 多特蒙德 vs 比利亚雷: ⬜
  2026-09-08 皇马 vs 国际米兰: ⬜
  2026-09-08 桑德兰 vs 赫尔城: ⬜
  2026-09-08 南安普敦 vs 斯旺西: ⬜
  2026-09-08 胡巴卡德 vs 吉达国民: ⬜
  2026-09-08 奈梅亨 vs SBV精英: ⬜
  2026-09-08 布鲁日 vs 维拉: ⬜
  2026-09-08 雅典AEK vs LASK林茨: ⬜
  2026-09-08 蔚山现代 vs 首尔FC: ⬜
  2026-09-07 维多利亚 vs 格雷米奥: ⬜
  2026-09-07 埃尔切 vs 皇家社会: ⬜
  2026-09-07 埃斯托里 vs 阿罗卡: ⬜
  2026-09-07 乌迪内斯 vs 拉齐奥: ⬜
  2026-09-07 利雅新月 vs 新未来SC: ⬜
  2026-09-07 卡尔马 vs 佐加顿斯: ⬜
  2026-09-07 马尔默 vs 索尔纳: ⬜
  2026-09-07 赫塔费 vs 塞尔塔: ⬜
  2026-09-07 卡利亚里 vs 莱切: ⬜
  2026-09-06 博塔弗戈 vs 帕梅拉斯: ⬜
  2026-09-06 西班牙人 vs 塞维利亚: ⬜
  2026-09-06 马赛 vs 巴黎FC: ⬜
  2026-09-06 尤文图斯 vs AC米兰: ⬜
  2026-09-06 马拉加 vs 莱万特: ⬜
  2026-09-06 阿拉维斯 vs 奥萨苏纳: ⬜
  2026-09-06 博洛尼亚 vs 萨索洛: ⬜

[ODDS 去重] 未发现空赔率别名行

[4/4] 更新 index.html...
  ✅ index.html 已更新

[5/5] 更新 odds_data.json...
  ✅ odds_data.json 已更新

============================================================
  赔率更新完成！
============================================================
